<html>
<body>
<pre>
<h1>礦ision Build Log</h1>
<h2>Tool Versions:</h2>
IDE-Version: μVision V5.39.0.0
Copyright (C) 2023 ARM Ltd and ARM Germany GmbH. All rights reserved.
License Information: SRV,JHKUSD 2046138442@qq.com, WEGC, LIC=RC93N-YKRNX-JJM6S-LG9BX-HBEK6-CXEQS
 
Tool Versions:
Toolchain:       MDK-ARM Plus  Version: 5.39.0.0
Toolchain Path:  D:\UV4\ARM\ARMCC\Bin
C Compiler:      Armcc.exe V5.06 update 5 (build 528)
Assembler:       Armasm.exe V5.06 update 5 (build 528)
Linker/Locator:  ArmLink.exe V5.06 update 5 (build 528)
Library Manager: ArmAr.exe V5.06 update 5 (build 528)
Hex Converter:   FromElf.exe V5.06 update 5 (build 528)
CPU DLL:         SARMCM3.DLL V5.39.0.0
Dialog DLL:      DCM.DLL V1.17.5.0
Target DLL:      CMSIS_AGDI.dll V1.33.16.0
Dialog DLL:      TCM.DLL V1.56.4.0
 
<h2>Project:</h2>
D:\AAA野火资料\AAA野火F103ZET6霸道V2网盘20230504\F407\例程\PWM控制步进电机\USER\Template.uvprojx
Project File Date:  09/14/2025

<h2>Output:</h2>
*** Using Compiler 'V5.06 update 5 (build 528)', folder: 'D:\UV4\ARM\ARMCC\Bin'
Rebuild target 'Template'
assembling startup_stm32f40_41xxx.s...
compiling delay.c...
delay.c(15): warning:  #1-D: last line of file ends without a newline
  } 
delay.c: 1 warning, 0 errors
compiling main.c...
usart1.h(26): warning:  #1-D: last line of file ends without a newline
  #endif /* __USART1_H */
..\Hardware\key.h(10): warning:  #1295-D: Deprecated declaration key_init - give arg types
  void  key_init();
main.c: 2 warnings, 0 errors
compiling LED.C...
LED.h(14): warning:  #1-D: last line of file ends without a newline
  #endif /* __LED_H */
LED.C(27): warning:  #1-D: last line of file ends without a newline
  }
LED.C: 2 warnings, 0 errors
compiling usart1.c...
usart1.h(26): warning:  #1-D: last line of file ends without a newline
  #endif /* __USART1_H */
usart1.c(231): warning:  #1-D: last line of file ends without a newline
  }
usart1.c: 2 warnings, 0 errors
compiling stm32f4xx_it.c...
compiling system_stm32f4xx.c...
compiling misc.c...
compiling TIME_TEST.C...
timer.h(8): warning:  #1-D: last line of file ends without a newline
  #endif
led.h(14): warning:  #1-D: last line of file ends without a newline
  #endif /* __LED_H */
TIME_TEST.C(48): warning:  #1-D: last line of file ends without a newline
  }
TIME_TEST.C: 3 warnings, 0 errors
compiling stm32f4xx_cryp.c...
compiling stm32f4xx_crc.c...
compiling stm32f4xx_cryp_des.c...
compiling stm32f4xx_can.c...
compiling stm32f4xx_adc.c...
compiling stm32f4xx_cryp_aes.c...
compiling stm32f4xx_cryp_tdes.c...
compiling stm32f4xx_dac.c...
compiling stm32f4xx_dbgmcu.c...
compiling stm32f4xx_dcmi.c...
compiling stm32f4xx_dma2d.c...
compiling stm32f4xx_exti.c...
compiling stm32f4xx_dma.c...
compiling stm32f4xx_flash_ramfunc.c...
compiling stm32f4xx_flash.c...
compiling stm32f4xx_gpio.c...
compiling stm32f4xx_fsmc.c...
compiling stm32f4xx_hash_md5.c...
compiling stm32f4xx_hash.c...
compiling stm32f4xx_hash_sha1.c...
compiling stm32f4xx_i2c.c...
compiling stm32f4xx_iwdg.c...
compiling stm32f4xx_ltdc.c...
compiling stm32f4xx_pwr.c...
compiling stm32f4xx_rng.c...
compiling stm32f4xx_rcc.c...
compiling stm32f4xx_sai.c...
compiling stm32f4xx_rtc.c...
compiling stm32f4xx_spi.c...
compiling stm32f4xx_sdio.c...
compiling stm32f4xx_syscfg.c...
compiling stm32f4xx_usart.c...
compiling stm32f4xx_wwdg.c...
compiling key.c...
..\Hardware\key.h(10): warning:  #1295-D: Deprecated declaration key_init - give arg types
  void  key_init();
..\Hardware\key.c(34): warning:  #188-D: enumerated type mixed with another type
      GPIO_InitStructure.GPIO_Mode  = GPIO_PuPd_DOWN ;
..\Hardware\key.c: 2 warnings, 0 errors
compiling stm32f4xx_tim.c...
linking...
Program Size: Code=15160 RO-data=1020 RW-data=2784 ZI-data=1736  
FromELF: creating hex file...
"..\OBJ\Template.axf" - 0 Error(s), 12 Warning(s).

<h2>Software Packages used:</h2>

Package Vendor: Keil
                https://www.keil.com/pack/Keil.STM32F4xx_DFP.3.1.0.pack
                Keil::STM32F4xx_DFP@3.1.0
                STMicroelectronics STM32F4 Series Device Support

<h2>Collection of Component include folders:</h2>

<h2>Collection of Component Files used:</h2>
Build Time Elapsed:  00:00:03
</pre>
</body>
</html>
