Component: ARM Compiler 5.06 update 5 (build 528) Tool: armlink [4d35e2]

==============================================================================

Section Cross References

    main.o(.text) refers to stm32f4xx_rcc.o(.text) for RCC_AHB1PeriphClockCmd
    main.o(.text) refers to stm32f4xx_gpio.o(.text) for GPIO_Init
    main.o(.text) refers to stm32f4xx_tim.o(.text) for TIM_TimeBaseInit
    main.o(.text) refers to system_stm32f4xx.o(.text) for SystemInit
    main.o(.text) refers to misc.o(.text) for NVIC_Init
    main.o(.text) refers to rt_memcpy_w.o(.text) for __aeabi_memcpy4
    main.o(.text) refers to key.o(.text) for key_init
    main.o(.text) refers to usart1.o(.text) for Serial_Init
    main.o(.text) refers to main.o(.data) for pwm_duty_cycle
    main.o(.text) refers to main.o(.constdata) for .constdata
    system_stm32f4xx.o(.text) refers to system_stm32f4xx.o(.data) for SystemCoreClock
    led.o(.text) refers to stm32f4xx_rcc.o(.text) for RCC_AHB1PeriphClockCmd
    led.o(.text) refers to stm32f4xx_gpio.o(.text) for GPIO_Init
    time_test.o(.text) refers to misc.o(.text) for NVIC_Init
    time_test.o(.text) refers to stm32f4xx_rcc.o(.text) for RCC_APB1PeriphClockCmd
    time_test.o(.text) refers to stm32f4xx_tim.o(.text) for TIM_TimeBaseInit
    usart1.o(.text) refers to stm32f4xx_rcc.o(.text) for RCC_APB2PeriphClockCmd
    usart1.o(.text) refers to stm32f4xx_gpio.o(.text) for GPIO_Init
    usart1.o(.text) refers to stm32f4xx_usart.o(.text) for USART_Init
    usart1.o(.text) refers to misc.o(.text) for NVIC_PriorityGroupConfig
    usart1.o(.text) refers to c89vsprintf.o(.text) for __c89vsprintf
    usart1.o(.text) refers to usart1.o(.data) for RxState
    usart1.o(.text) refers to usart1.o(.bss) for Serial_RxPacket
    startup_stm32f40_41xxx.o(STACK) refers (Special) to heapauxi.o(.text) for __use_two_region_memory
    startup_stm32f40_41xxx.o(HEAP) refers (Special) to heapauxi.o(.text) for __use_two_region_memory
    startup_stm32f40_41xxx.o(RESET) refers (Special) to heapauxi.o(.text) for __use_two_region_memory
    startup_stm32f40_41xxx.o(RESET) refers to startup_stm32f40_41xxx.o(STACK) for __initial_sp
    startup_stm32f40_41xxx.o(RESET) refers to startup_stm32f40_41xxx.o(.text) for Reset_Handler
    startup_stm32f40_41xxx.o(RESET) refers to stm32f4xx_it.o(.text) for NMI_Handler
    startup_stm32f40_41xxx.o(RESET) refers to main.o(.text) for TIM2_IRQHandler
    startup_stm32f40_41xxx.o(RESET) refers to usart1.o(.text) for USART1_IRQHandler
    startup_stm32f40_41xxx.o(.text) refers (Special) to heapauxi.o(.text) for __use_two_region_memory
    startup_stm32f40_41xxx.o(.text) refers to system_stm32f4xx.o(.text) for SystemInit
    startup_stm32f40_41xxx.o(.text) refers to __main.o(!!!main) for __main
    startup_stm32f40_41xxx.o(.text) refers to startup_stm32f40_41xxx.o(HEAP) for Heap_Mem
    startup_stm32f40_41xxx.o(.text) refers to startup_stm32f40_41xxx.o(STACK) for Stack_Mem
    stm32f4xx_adc.o(.text) refers to stm32f4xx_rcc.o(.text) for RCC_APB2PeriphResetCmd
    stm32f4xx_can.o(.text) refers to stm32f4xx_rcc.o(.text) for RCC_APB1PeriphResetCmd
    stm32f4xx_cryp.o(.text) refers to stm32f4xx_rcc.o(.text) for RCC_AHB2PeriphResetCmd
    stm32f4xx_cryp_aes.o(.text) refers to stm32f4xx_cryp.o(.text) for CRYP_KeyStructInit
    stm32f4xx_cryp_des.o(.text) refers to stm32f4xx_cryp.o(.text) for CRYP_KeyStructInit
    stm32f4xx_cryp_tdes.o(.text) refers to stm32f4xx_cryp.o(.text) for CRYP_KeyStructInit
    stm32f4xx_dac.o(.text) refers to stm32f4xx_rcc.o(.text) for RCC_APB1PeriphResetCmd
    stm32f4xx_dma2d.o(.text) refers to stm32f4xx_rcc.o(.text) for RCC_AHB1PeriphResetCmd
    stm32f4xx_fsmc.o(.text) refers to stm32f4xx_fsmc.o(.constdata) for FSMC_DefaultTimingStruct
    stm32f4xx_gpio.o(.text) refers to stm32f4xx_rcc.o(.text) for RCC_AHB1PeriphResetCmd
    stm32f4xx_hash.o(.text) refers to stm32f4xx_rcc.o(.text) for RCC_AHB2PeriphResetCmd
    stm32f4xx_hash_md5.o(.text) refers to stm32f4xx_hash.o(.text) for HASH_DeInit
    stm32f4xx_hash_sha1.o(.text) refers to stm32f4xx_hash.o(.text) for HASH_DeInit
    stm32f4xx_i2c.o(.text) refers to stm32f4xx_rcc.o(.text) for RCC_APB1PeriphResetCmd
    stm32f4xx_ltdc.o(.text) refers to stm32f4xx_rcc.o(.text) for RCC_APB2PeriphResetCmd
    stm32f4xx_pwr.o(.text) refers to stm32f4xx_rcc.o(.text) for RCC_APB1PeriphResetCmd
    stm32f4xx_rcc.o(.text) refers to stm32f4xx_rcc.o(.data) for APBAHBPrescTable
    stm32f4xx_rng.o(.text) refers to stm32f4xx_rcc.o(.text) for RCC_AHB2PeriphResetCmd
    stm32f4xx_sai.o(.text) refers to stm32f4xx_rcc.o(.text) for RCC_APB2PeriphResetCmd
    stm32f4xx_sdio.o(.text) refers to stm32f4xx_rcc.o(.text) for RCC_APB2PeriphResetCmd
    stm32f4xx_spi.o(.text) refers to stm32f4xx_rcc.o(.text) for RCC_APB2PeriphResetCmd
    stm32f4xx_syscfg.o(.text) refers to stm32f4xx_rcc.o(.text) for RCC_APB2PeriphResetCmd
    stm32f4xx_tim.o(.text) refers to stm32f4xx_rcc.o(.text) for RCC_APB2PeriphResetCmd
[...]
    .ARM.Collect$$libinit$$00000001          0x080002ce   Section        4  libinit2.o(.ARM.Collect$$libinit$$00000001)
    .ARM.Collect$$libinit$$00000004          0x080002d2   Section        0  libinit2.o(.ARM.Collect$$libinit$$00000004)
    .ARM.Collect$$libinit$$0000000A          0x080002d2   Section        0  libinit2.o(.ARM.Collect$$libinit$$0000000A)
    .ARM.Collect$$libinit$$0000000C          0x080002d2   Section        0  libinit2.o(.ARM.Collect$$libinit$$0000000C)
    .ARM.Collect$$libinit$$0000000E          0x080002d2   Section        0  libinit2.o(.ARM.Collect$$libinit$$0000000E)
    .ARM.Collect$$libinit$$0000000F          0x080002d2   Section        6  libinit2.o(.ARM.Collect$$libinit$$0000000F)
    .ARM.Collect$$libinit$$00000011          0x080002d8   Section        0  libinit2.o(.ARM.Collect$$libinit$$00000011)
    .ARM.Collect$$libinit$$00000012          0x080002d8   Section       12  libinit2.o(.ARM.Collect$$libinit$$00000012)
    .ARM.Collect$$libinit$$00000013          0x080002e4   Section        0  libinit2.o(.ARM.Collect$$libinit$$00000013)
    .ARM.Collect$$libinit$$00000015          0x080002e4   Section        0  libinit2.o(.ARM.Collect$$libinit$$00000015)
    .ARM.Collect$$libinit$$00000016          0x080002e4   Section       10  libinit2.o(.ARM.Collect$$libinit$$00000016)
    .ARM.Collect$$libinit$$00000017          0x080002ee   Section        0  libinit2.o(.ARM.Collect$$libinit$$00000017)
    .ARM.Collect$$libinit$$00000019          0x080002ee   Section        0  libinit2.o(.ARM.Collect$$libinit$$00000019)
    .ARM.Collect$$libinit$$0000001B          0x080002ee   Section        0  libinit2.o(.ARM.Collect$$libinit$$0000001B)
    .ARM.Collect$$libinit$$0000001D          0x080002ee   Section        0  libinit2.o(.ARM.Collect$$libinit$$0000001D)
    .ARM.Collect$$libinit$$0000001F          0x080002ee   Section        0  libinit2.o(.ARM.Collect$$libinit$$0000001F)
    .ARM.Collect$$libinit$$00000021          0x080002ee   Section        0  libinit2.o(.ARM.Collect$$libinit$$00000021)
    .ARM.Collect$$libinit$$00000023          0x080002ee   Section        0  libinit2.o(.ARM.Collect$$libinit$$00000023)
    .ARM.Collect$$libinit$$00000025          0x080002ee   Section        0  libinit2.o(.ARM.Collect$$libinit$$00000025)
    .ARM.Collect$$libinit$$0000002C          0x080002ee   Section        0  libinit2.o(.ARM.Collect$$libinit$$0000002C)
    .ARM.Collect$$libinit$$0000002E          0x080002ee   Section        0  libinit2.o(.ARM.Collect$$libinit$$0000002E)
    .ARM.Collect$$libinit$$00000030          0x080002ee   Section        0  libinit2.o(.ARM.Collect$$libinit$$00000030)
    .ARM.Collect$$libinit$$00000032          0x080002ee   Section        0  libinit2.o(.ARM.Collect$$libinit$$00000032)
    .ARM.Collect$$libinit$$00000033          0x080002ee   Section        2  libinit2.o(.ARM.Collect$$libinit$$00000033)
    .ARM.Collect$$libshutdown$$00000000      0x080002f0   Section        2  libshutdown.o(.ARM.Collect$$libshutdown$$00000000)
    .ARM.Collect$$libshutdown$$00000002      0x080002f2   Section        0  libshutdown2.o(.ARM.Collect$$libshutdown$$00000002)
    .ARM.Collect$$libshutdown$$00000004      0x080002f2   Section        0  libshutdown2.o(.ARM.Collect$$libshutdown$$00000004)
    .ARM.Collect$$libshutdown$$00000007      0x080002f2   Section        0  libshutdown2.o(.ARM.Collect$$libshutdown$$00000007)
    .ARM.Collect$$libshutdown$$0000000A      0x080002f2   Section        0  libshutdown2.o(.ARM.Collect$$libshutdown$$0000000A)
    .ARM.Collect$$libshutdown$$0000000C      0x080002f2   Section        0  libshutdown2.o(.ARM.Collect$$libshutdown$$0000000C)
    .ARM.Collect$$libshutdown$$0000000F      0x080002f2   Section        0  libshutdown2.o(.ARM.Collect$$libshutdown$$0000000F)
    .ARM.Collect$$libshutdown$$00000010      0x080002f2   Section        2  libshutdown2.o(.ARM.Collect$$libshutdown$$00000010)
    .ARM.Collect$$rtentry$$00000000          0x080002f4   Section        0  __rtentry.o(.ARM.Collect$$rtentry$$00000000)
    .ARM.Collect$$rtentry$$00000002          0x080002f4   Section        0  __rtentry2.o(.ARM.Collect$$rtentry$$00000002)
    .ARM.Collect$$rtentry$$00000004          0x080002f4   Section        6  __rtentry4.o(.ARM.Collect$$rtentry$$00000004)
    .ARM.Collect$$rtentry$$00000009          0x080002fa   Section        0  __rtentry2.o(.ARM.Collect$$rtentry$$00000009)
    .ARM.Collect$$rtentry$$0000000A          0x080002fa   Section        4  __rtentry2.o(.ARM.Collect$$rtentry$$0000000A)
    .ARM.Collect$$rtentry$$0000000C          0x080002fe   Section        0  __rtentry2.o(.ARM.Collect$$rtentry$$0000000C)
    .ARM.Collect$$rtentry$$0000000D          0x080002fe   Section        8  __rtentry2.o(.ARM.Collect$$rtentry$$0000000D)
    .ARM.Collect$$rtexit$$00000000           0x08000306   Section        2  rtexit.o(.ARM.Collect$$rtexit$$00000000)
    .ARM.Collect$$rtexit$$00000002           0x08000308   Section        0  rtexit2.o(.ARM.Collect$$rtexit$$00000002)
    .ARM.Collect$$rtexit$$00000003           0x08000308   Section        4  rtexit2.o(.ARM.Collect$$rtexit$$00000003)
    .ARM.Collect$$rtexit$$00000004           0x0800030c   Section        6  rtexit2.o(.ARM.Collect$$rtexit$$00000004)
    .text                                    0x08000314   Section        0  main.o(.text)
    .text                                    0x08000658   Section        0  stm32f4xx_it.o(.text)
    .text                                    0x08000674   Section        0  system_stm32f4xx.o(.text)
    SetSysClock                              0x08000675   Thumb Code   220  system_stm32f4xx.o(.text)
    .text                                    0x08000884   Section        0  usart1.o(.text)
    .text                                    0x08000ae0   Section       64  startup_stm32f40_41xxx.o(.text)
    $v0                                      0x08000ae0   Number         0  startup_stm32f40_41xxx.o(.text)
    .text                                    0x08000b20   Section        0  misc.o(.text)
    .text                                    0x08000c00   Section        0  stm32f4xx_gpio.o(.text)
    .text                                    0x08000e94   Section        0  stm32f4xx_rcc.o(.text)
    .text                                    0x080014f0   Section        0  stm32f4xx_tim.o(.text)
    TI4_Config                               0x08001c8f   Thumb Code    80  stm32f4xx_tim.o(.text)
    TI3_Config                               0x08001cf1   Thumb Code    72  stm32f4xx_tim.o(.text)
    TI2_Config                               0x08001d53   Thumb Code    90  stm32f4xx_tim.o(.text)
    TI1_Config                               0x08001dbf   Thumb Code    58  stm32f4xx_tim.o(.text)
    .text                                    0x08002194   Section        0  stm32f4xx_usart.o(.text)
    .text                                    0x080025e8   Section        0  key.o(.text)
    .text                                    0x08002634   Section        0  c89vsprintf.o(.text)
    .text                                    0x08002658   Section      100  rt_memcpy_w.o(.text)
    .text                                    0x080026bc   Section        0  heapauxi.o(.text)
    .text                                    0x080026c2   Section        0  _printf_pad.o(.text)
    .text                                    0x08002710   Section        0  _printf_truncate.o(.text)
    .text                                    0x08002734   Section        0  _printf_str.o(.text)
    .text                                    0x08002788   Section        0  _printf_dec.o(.text)
    .text                                    0x08002800   Section        0  _printf_charcount.o(.text)
    .text                                    0x08002828   Section        0  _printf_char_common.o(.text)
    _printf_input_char                       0x08002829   Thumb Code    10  _printf_char_common.o(.text)
    .text                                    0x08002858   Section        0  _sputc.o(.text)
    .text                                    0x08002864   Section        0  _printf_wctomb.o(.text)
    .text                                    0x08002920   Section        0  _printf_longlong_dec.o(.text)
    .text                                    0x0800299c   Section        0  _printf_oct_int_ll.o(.text)
    _printf_longlong_oct_internal            0x0800299d   Thumb Code     0  _printf_oct_int_ll.o(.text)
    .text                                    0x08002a0c   Section        0  _printf_hex_int_ll_ptr.o(.text)
    _printf_hex_common                       0x08002a0d   Thumb Code     0  _printf_hex_int_ll_ptr.o(.text)
    .text                                    0x08002aa0   Section        0  __printf_flags_ss_wp.o(.text)
    .text                                    0x08002c28   Section      138  lludiv10.o(.text)
    .text                                    0x08002cb2   Section        0  _printf_intcommon.o(.text)
    .text                                    0x08002d64   Section        0  _printf_fp_dec.o(.text)
    _fp_digits                               0x08002d67   Thumb Code   432  _printf_fp_dec.o(.text)
    .text                                    0x08003182   Section        0  _printf_char.o(.text)
    .text                                    0x080031ae   Section        0  _printf_wchar.o(.text)
    .text                                    0x080031da   Section        0  _wcrtomb.o(.text)
    .text                                    0x0800321a   Section       74  sys_stackheap_outer.o(.text)
    .text                                    0x08003264   Section       16  rt_ctype_table.o(.text)
    .text                                    0x08003274   Section        8  rt_locale_intlibspace.o(.text)
    .text                                    0x0800327c   Section        0  _printf_fp_infnan.o(.text)
    .text                                    0x080032fc   Section        0  bigflt0.o(.text)
    .text                                    0x080033e0   Section        0  exit.o(.text)
    .text                                    0x080033f4   Section        8  libspace.o(.text)
    .text                                    0x080033fc   Section      128  strcmpv7m.o(.text)
    .text                                    0x0800347c   Section        0  sys_exit.o(.text)
    .text                                    0x08003488   Section        2  use_no_semi.o(.text)
    .text                                    0x0800348a   Section        0  indicate_semi.o(.text)
    CL$$btod_d2e                             0x0800348a   Section       62  btod.o(CL$$btod_d2e)
    CL$$btod_d2e_denorm_low                  0x080034c8   Section       70  btod.o(CL$$btod_d2e_denorm_low)
    CL$$btod_d2e_norm_op1                    0x0800350e   Section       96  btod.o(CL$$btod_d2e_norm_op1)
    CL$$btod_div_common                      0x0800356e   Section      824  btod.o(CL$$btod_div_common)
    CL$$btod_e2e                             0x080038a6   Section      220  btod.o(CL$$btod_e2e)
    CL$$btod_ediv                            0x08003982   Section       42  btod.o(CL$$btod_ediv)
    CL$$btod_emul                            0x080039ac   Section       42  btod.o(CL$$btod_emul)
    CL$$btod_mult_common                     0x080039d6   Section      580  btod.o(CL$$btod_mult_common)
    i.__ARM_fpclassify                       0x08003c1a   Section        0  fpclassify.o(i.__ARM_fpclassify)
    i._is_digit                              0x08003c4a   Section        0  __printf_wp.o(i._is_digit)
    locale$$code                             0x08003c58   Section       44  lc_numeric_c.o(locale$$code)
    locale$$code                             0x08003c84   Section       44  lc_ctype_c.o(locale$$code)
    x$fpl$fpinit                             0x08003cb0   Section       10  fpinit.o(x$fpl$fpinit)
    $v0                                      0x08003cb0   Number         0  fpinit.o(x$fpl$fpinit)
    x$fpl$printf1                            0x08003cba   Section        4  printf1.o(x$fpl$printf1)
    $v0                                      0x08003cba   Number         0  printf1.o(x$fpl$printf1)
    x$fpl$usenofp                            0x08003cbe   Section        0  usenofp.o(x$fpl$usenofp)
    .constdata                               0x08003cc0   Section       80  main.o(.constdata)
    .constdata                               0x08003d10   Section        8  _printf_wctomb.o(.constdata)
    initial_mbstate                          0x08003d10   Data           8  _printf_wctomb.o(.constdata)
    .constdata                               0x08003d18   Section       40  _printf_hex_int_ll_ptr.o(.constdata)
    uc_hextab                                0x08003d18   Data          20  _printf_hex_int_ll_ptr.o(.constdata)
    lc_hextab                                0x08003d2c   Data          20  _printf_hex_int_ll_ptr.o(.constdata)
    .constdata                               0x08003d40   Section       17  __printf_flags_ss_wp.o(.constdata)
    maptable                                 0x08003d40   Data          17  __printf_flags_ss_wp.o(.constdata)
    .constdata                               0x08003d54   Section      148  bigflt0.o(.constdata)
    tenpwrs_x                                0x08003d54   Data          60  bigflt0.o(.constdata)
    tenpwrs_i                                0x08003d90   Data          64  bigflt0.o(.constdata)
    locale$$data                             0x08003e08   Section       28  lc_numeric_c.o(locale$$data)
    __lcnum_c_name                           0x08003e0c   Data           2  lc_numeric_c.o(locale$$data)
    __lcnum_c_start                          0x08003e14   Data           0  lc_numeric_c.o(locale$$data)
    __lcnum_c_point                          0x08003e20   Data           0  lc_numeric_c.o(locale$$data)
    __lcnum_c_thousands                      0x08003e22   Data           0  lc_numeric_c.o(locale$$data)
    __lcnum_c_grouping                       0x08003e23   Data           0  lc_numeric_c.o(locale$$data)
    locale$$data                             0x08003e24   Section      272  lc_ctype_c.o(locale$$data)
    __lcnum_c_end                            0x08003e24   Data           0  lc_numeric_c.o(locale$$data)
    __lcctype_c_name                         0x08003e28   Data           2  lc_ctype_c.o(locale$$data)
    __lcctype_c_start                        0x08003e30   Data           0  lc_ctype_c.o(locale$$data)
    __lcctype_c_end                          0x08003f34   Data           0  lc_ctype_c.o(locale$$data)
    .data                                    0x20000000   Section     2744  main.o(.data)
    .data                                    0x20000ab8   Section       20  system_stm32f4xx.o(.data)
    .data                                    0x20000acc   Section        3  usart1.o(.data)
    RxState                                  0x20000acd   Data           1  usart1.o(.data)
    pRxPacket                                0x20000ace   Data           1  usart1.o(.data)
    .data                                    0x20000acf   Section       16  stm32f4xx_rcc.o(.data)
    APBAHBPrescTable                         0x20000acf   Data          16  stm32f4xx_rcc.o(.data)
    .bss                                     0x20000ae0   Section      100  usart1.o(.bss)
    .bss                                     0x20000b44   Section       96  libspace.o(.bss)
    HEAP                                     0x20000ba8   Section      512  startup_stm32f40_41xxx.o(HEAP)
    Heap_Mem                                 0x20000ba8   Data         512  startup_stm32f40_41xxx.o(HEAP)
    STACK                                    0x20000da8   Section     1024  startup_stm32f40_41xxx.o(STACK)
    Stack_Mem                                0x20000da8   Data        1024  startup_stm32f40_41xxx.o(STACK)
    __initial_sp                             0x200011a8   Data           0  startup_stm32f40_41xxx.o(STACK)

    Global Symbols

    Symbol Name                              Value     Ov Type        Size  Object(Section)

    BuildAttributes$$THM_ISAv4$E$P$D$K$B$S$7EM$VFPi3$EXTD16$VFPS$VFMA$PE$A:L22UL41UL21$X:L11$S22US41US21$IEEE1$IW$USESV6$~STKCKD$USESV7$~SHL$OTIME$ROPI$IEEEJ$EBA8$UX$STANDARDLIB$REQ8$PRES8$EABIv2 0x00000000   Number         0  anon$$obj.o ABSOLUTE
    __ARM_use_no_argv                        0x00000000   Number         0  main.o ABSOLUTE
    _printf_flags                            0x00000000   Number         0  printf_stubs.o ABSOLUTE
    _printf_return_value                     0x00000000   Number         0  printf_stubs.o ABSOLUTE
    _printf_sizespec                         0x00000000   Number         0  printf_stubs.o ABSOLUTE
    _printf_widthprec                        0x00000000   Number         0  printf_stubs.o ABSOLUTE
    __ARM_exceptions_init                     - Undefined Weak Reference
    __alloca_initialize                       - Undefined Weak Reference
    __arm_preinit_                            - Undefined Weak Reference
    __cpp_initialize__aeabi_                  - Undefined Weak Reference
    __cxa_finalize                            - Undefined Weak Reference
    __sigvec_lookup                           - Undefined Weak Reference
    _atexit_init                              - Undefined Weak Reference
    _call_atexit_fns                          - Undefined Weak Reference
    _clock_init                               - Undefined Weak Reference
    _fp_trap_init                             - Undefined Weak Reference
    _fp_trap_shutdown                         - Undefined Weak Reference
    _get_lc_collate                           - Undefined Weak Reference
    _get_lc_monetary                          - Undefined Weak Reference
    _get_lc_time                              - Undefined Weak Reference
    _getenv_init                              - Undefined Weak Reference
    _handle_redirection                       - Undefined Weak Reference
    _init_alloc                               - Undefined Weak Reference
    _init_user_alloc                          - Undefined Weak Reference
    _initio                                   - Undefined Weak Reference
    _printf_fp_hex                            - Undefined Weak Reference
    _printf_mbtowc                            - Undefined Weak Reference
    _printf_wc                                - Undefined Weak Reference
    _rand_init                                - Undefined Weak Reference
    _signal_finish                            - Undefined Weak Reference
    _signal_init                              - Undefined Weak Reference
    _terminate_alloc                          - Undefined Weak Reference
    _terminate_user_alloc                     - Undefined Weak Reference
    _terminateio                              - Undefined Weak Reference
    __Vectors_Size                           0x00000188   Number         0  startup_stm32f40_41xxx.o ABSOLUTE
    __Vectors                                0x08000000   Data           4  startup_stm32f40_41xxx.o(RESET)
    __Vectors_End                            0x08000188   Data           0  startup_stm32f40_41xxx.o(RESET)
    __main                                   0x08000189   Thumb Code     8  __main.o(!!!main)
    __scatterload                            0x08000191   Thumb Code     0  __scatter.o(!!!scatter)
    __scatterload_rt2                        0x08000191   Thumb Code    44  __scatter.o(!!!scatter)
    __scatterload_rt2_thumb_only             0x08000191   Thumb Code     0  __scatter.o(!!!scatter)
    __scatterload_null                       0x0800019f   Thumb Code     0  __scatter.o(!!!scatter)
    __decompress                             0x080001c5   Thumb Code    90  __dczerorl2.o(!!dczerorl2)
    __decompress1                            0x080001c5   Thumb Code     0  __dczerorl2.o(!!dczerorl2)
    __scatterload_zeroinit                   0x08000221   Thumb Code    28  __scatter_zi.o(!!handler_zi)
    _printf_n                                0x0800023d   Thumb Code     0  _printf_n.o(.ARM.Collect$$_printf_percent$$00000001)
    _printf_percent                          0x0800023d   Thumb Code     0  _printf_percent.o(.ARM.Collect$$_printf_percent$$00000000)
    _printf_p                                0x08000243   Thumb Code     0  _printf_p.o(.ARM.Collect$$_printf_percent$$00000002)
    _printf_f                                0x08000249   Thumb Code     0  _printf_f.o(.ARM.Collect$$_printf_percent$$00000003)
    _printf_e                                0x0800024f   Thumb Code     0  _printf_e.o(.ARM.Collect$$_printf_percent$$00000004)
    _printf_g                                0x08000255   Thumb Code     0  _printf_g.o(.ARM.Collect$$_printf_percent$$00000005)
    _printf_a                                0x0800025b   Thumb Code     0  _printf_a.o(.ARM.Collect$$_printf_percent$$00000006)
    _printf_ll                               0x08000261   Thumb Code     0  _printf_ll.o(.ARM.Collect$$_printf_percent$$00000007)
    _printf_i                                0x0800026b   Thumb Code     0  _printf_i.o(.ARM.Collect$$_printf_percent$$00000008)
    _printf_d                                0x08000271   Thumb Code     0  _printf_d.o(.ARM.Collect$$_printf_percent$$00000009)
    _printf_u                                0x08000277   Thumb Code     0  _printf_u.o(.ARM.Collect$$_printf_percent$$0000000A)
    _printf_o                                0x0800027d   Thumb Code     0  _printf_o.o(.ARM.Collect$$_printf_percent$$0000000B)
    _printf_x                                0x08000283   Thumb Code     0  _printf_x.o(.ARM.Collect$$_printf_percent$$0000000C)
    _printf_lli                              0x08000289   Thumb Code     0  _printf_lli.o(.ARM.Collect$$_printf_percent$$0000000D)
    _printf_lld                              0x0800028f   Thumb Code     0  _printf_lld.o(.ARM.Collect$$_printf_percent$$0000000E)
    _printf_llu                              0x08000295   Thumb Code     0  _printf_llu.o(.ARM.Collect$$_printf_percent$$0000000F)
    _printf_llo                              0x0800029b   Thumb Code     0  _printf_llo.o(.ARM.Collect$$_printf_percent$$00000010)
    _printf_llx                              0x080002a1   Thumb Code     0  _printf_llx.o(.ARM.Collect$$_printf_percent$$00000011)
    _printf_l                                0x080002a7   Thumb Code     0  _printf_l.o(.ARM.Collect$$_printf_percent$$00000012)
    _printf_c                                0x080002b1   Thumb Code     0  _printf_c.o(.ARM.Collect$$_printf_percent$$00000013)
    _printf_s                                0x080002b7   Thumb Code     0  _printf_s.o(.ARM.Collect$$_printf_percent$$00000014)
    _printf_lc                               0x080002bd   Thumb Code     0  _printf_lc.o(.ARM.Collect$$_printf_percent$$00000015)
    _printf_ls                               0x080002c3   Thumb Code     0  _printf_ls.o(.ARM.Collect$$_printf_percent$$00000016)
    _printf_percent_end                      0x080002c9   Thumb Code     0  _printf_percent_end.o(.ARM.Collect$$_printf_percent$$00000017)
    __rt_lib_init                            0x080002cd   Thumb Code     0  libinit.o(.ARM.Collect$$libinit$$00000000)
    __rt_lib_init_fp_1                       0x080002cf   Thumb Code     0  libinit2.o(.ARM.Collect$$libinit$$00000001)
    __rt_lib_init_heap_1                     0x080002d3   Thumb Code     0  libinit2.o(.ARM.Collect$$libinit$$0000000A)
    __rt_lib_init_lc_common                  0x080002d3   Thumb Code     0  libinit2.o(.ARM.Collect$$libinit$$0000000F)
    __rt_lib_init_preinit_1                  0x080002d3   Thumb Code     0  libinit2.o(.ARM.Collect$$libinit$$00000004)
    __rt_lib_init_rand_1                     0x080002d3   Thumb Code     0  libinit2.o(.ARM.Collect$$libinit$$0000000E)
    __rt_lib_init_user_alloc_1               0x080002d3   Thumb Code     0  libinit2.o(.ARM.Collect$$libinit$$0000000C)
    __rt_lib_init_lc_collate_1               0x080002d9   Thumb Code     0  libinit2.o(.ARM.Collect$$libinit$$00000011)
    __rt_lib_init_lc_ctype_2                 0x080002d9   Thumb Code     0  libinit2.o(.ARM.Collect$$libinit$$00000012)
    __rt_lib_init_lc_ctype_1                 0x080002e5   Thumb Code     0  libinit2.o(.ARM.Collect$$libinit$$00000013)
    __rt_lib_init_lc_monetary_1              0x080002e5   Thumb Code     0  libinit2.o(.ARM.Collect$$libinit$$00000015)
    __rt_lib_init_lc_numeric_2               0x080002e5   Thumb Code     0  libinit2.o(.ARM.Collect$$libinit$$00000016)
    __rt_lib_init_alloca_1                   0x080002ef   Thumb Code     0  libinit2.o(.ARM.Collect$$libinit$$0000002E)
    __rt_lib_init_argv_1                     0x080002ef   Thumb Code     0  libinit2.o(.ARM.Collect$$libinit$$0000002C)
    __rt_lib_init_atexit_1                   0x080002ef   Thumb Code     0  libinit2.o(.ARM.Collect$$libinit$$0000001B)
    __rt_lib_init_clock_1                    0x080002ef   Thumb Code     0  libinit2.o(.ARM.Collect$$libinit$$00000021)
    __rt_lib_init_cpp_1                      0x080002ef   Thumb Code     0  libinit2.o(.ARM.Collect$$libinit$$00000032)
    __rt_lib_init_exceptions_1               0x080002ef   Thumb Code     0  libinit2.o(.ARM.Collect$$libinit$$00000030)
    __rt_lib_init_fp_trap_1                  0x080002ef   Thumb Code     0  libinit2.o(.ARM.Collect$$libinit$$0000001F)
    __rt_lib_init_getenv_1                   0x080002ef   Thumb Code     0  libinit2.o(.ARM.Collect$$libinit$$00000023)
    __rt_lib_init_lc_numeric_1               0x080002ef   Thumb Code     0  libinit2.o(.ARM.Collect$$libinit$$00000017)
    __rt_lib_init_lc_time_1                  0x080002ef   Thumb Code     0  libinit2.o(.ARM.Collect$$libinit$$00000019)
    __rt_lib_init_return                     0x080002ef   Thumb Code     0  libinit2.o(.ARM.Collect$$libinit$$00000033)
    __rt_lib_init_signal_1                   0x080002ef   Thumb Code     0  libinit2.o(.ARM.Collect$$libinit$$0000001D)
    __rt_lib_init_stdio_1                    0x080002ef   Thumb Code     0  libinit2.o(.ARM.Collect$$libinit$$00000025)
    __rt_lib_shutdown                        0x080002f1   Thumb Code     0  libshutdown.o(.ARM.Collect$$libshutdown$$00000000)
    __rt_lib_shutdown_cpp_1                  0x080002f3   Thumb Code     0  libshutdown2.o(.ARM.Collect$$libshutdown$$00000002)
    __rt_lib_shutdown_fp_trap_1              0x080002f3   Thumb Code     0  libshutdown2.o(.ARM.Collect$$libshutdown$$00000007)
    __rt_lib_shutdown_heap_1                 0x080002f3   Thumb Code     0  libshutdown2.o(.ARM.Collect$$libshutdown$$0000000F)
    __rt_lib_shutdown_return                 0x080002f3   Thumb Code     0  libshutdown2.o(.ARM.Collect$$libshutdown$$00000010)
    __rt_lib_shutdown_signal_1               0x080002f3   Thumb Code     0  libshutdown2.o(.ARM.Collect$$libshutdown$$0000000A)
    __rt_lib_shutdown_stdio_1                0x080002f3   Thumb Code     0  libshutdown2.o(.ARM.Collect$$libshutdown$$00000004)
    __rt_lib_shutdown_user_alloc_1           0x080002f3   Thumb Code     0  libshutdown2.o(.ARM.Collect$$libshutdown$$0000000C)
    __rt_entry                               0x080002f5   Thumb Code     0  __rtentry.o(.ARM.Collect$$rtentry$$00000000)
    __rt_entry_presh_1                       0x080002f5   Thumb Code     0  __rtentry2.o(.ARM.Collect$$rtentry$$00000002)
    __rt_entry_sh                            0x080002f5   Thumb Code     0  __rtentry4.o(.ARM.Collect$$rtentry$$00000004)
    __rt_entry_li                            0x080002fb   Thumb Code     0  __rtentry2.o(.ARM.Collect$$rtentry$$0000000A)
    __rt_entry_postsh_1                      0x080002fb   Thumb Code     0  __rtentry2.o(.ARM.Collect$$rtentry$$00000009)
    __rt_entry_main                          0x080002ff   Thumb Code     0  __rtentry2.o(.ARM.Collect$$rtentry$$0000000D)
    __rt_entry_postli_1                      0x080002ff   Thumb Code     0  __rtentry2.o(.ARM.Collect$$rtentry$$0000000C)
    __rt_exit                                0x08000307   Thumb Code     0  rtexit.o(.ARM.Collect$$rtexit$$00000000)
    __rt_exit_ls                             0x08000309   Thumb Code     0  rtexit2.o(.ARM.Collect$$rtexit$$00000003)
    __rt_exit_prels_1                        0x08000309   Thumb Code     0  rtexit2.o(.ARM.Collect$$rtexit$$00000002)
    __rt_exit_exit                           0x0800030d   Thumb Code     0  rtexit2.o(.ARM.Collect$$rtexit$$00000004)
    GPIO1_Init                               0x08000315   Thumb Code    58  main.o(.text)
    TIM3_PWM_Init                            0x0800034f   Thumb Code   118  main.o(.text)
    Set_PWM_Frequency                        0x080003c5   Thumb Code   130  main.o(.text)
    RCC_Configuration                        0x08000447   Thumb Code    24  main.o(.text)
    TIM2_Init                                0x0800045f   Thumb Code    98  main.o(.text)
    delay_ms                                 0x080004c1   Thumb Code    30  main.o(.text)
    delay_s                                  0x080004df   Thumb Code    18  main.o(.text)
    BoFangGeQu                               0x080004f1   Thumb Code   250  main.o(.text)
    main                                     0x080005eb   Thumb Code    50  main.o(.text)
    TIM2_IRQHandler                          0x0800061d   Thumb Code    32  main.o(.text)
    NMI_Handler                              0x08000659   Thumb Code     2  stm32f4xx_it.o(.text)
    HardFault_Handler                        0x0800065b   Thumb Code     4  stm32f4xx_it.o(.text)
    MemManage_Handler                        0x0800065f   Thumb Code     4  stm32f4xx_it.o(.text)
    BusFault_Handler                         0x08000663   Thumb Code     4  stm32f4xx_it.o(.text)
    UsageFault_Handler                       0x08000667   Thumb Code     4  stm32f4xx_it.o(.text)
    SVC_Handler                              0x0800066b   Thumb Code     2  stm32f4xx_it.o(.text)
    DebugMon_Handler                         0x0800066d   Thumb Code     2  stm32f4xx_it.o(.text)
    PendSV_Handler                           0x0800066f   Thumb Code     2  stm32f4xx_it.o(.text)
    SysTick_Handler                          0x08000671   Thumb Code     2  stm32f4xx_it.o(.text)
    SystemInit                               0x08000751   Thumb Code    88  system_stm32f4xx.o(.text)
    SystemCoreClockUpdate                    0x080007a9   Thumb Code   174  system_stm32f4xx.o(.text)
    Serial_Init                              0x08000885   Thumb Code   198  usart1.o(.text)
    Serial_SendByte                          0x0800094b   Thumb Code    28  usart1.o(.text)
    Serial_SendArray                         0x08000967   Thumb Code    26  usart1.o(.text)
    Serial_SendString                        0x08000981   Thumb Code    26  usart1.o(.text)
    Serial_Pow                               0x0800099b   Thumb Code    20  usart1.o(.text)
    Serial_SendNumber                        0x080009af   Thumb Code    58  usart1.o(.text)
    fputc                                    0x080009e9   Thumb Code    16  usart1.o(.text)
    Serial_Printf                            0x080009f9   Thumb Code    36  usart1.o(.text)
    USART1_IRQHandler                        0x08000a1d   Thumb Code   172  usart1.o(.text)
    Reset_Handler                            0x08000ae1   Thumb Code     8  startup_stm32f40_41xxx.o(.text)
    ADC_IRQHandler                           0x08000afb   Thumb Code     0  startup_stm32f40_41xxx.o(.text)
    CAN1_RX0_IRQHandler                      0x08000afb   Thumb Code     0  startup_stm32f40_41xxx.o(.text)
    CAN1_RX1_IRQHandler                      0x08000afb   Thumb Code     0  startup_stm32f40_41xxx.o(.text)
    CAN1_SCE_IRQHandler                      0x08000afb   Thumb Code     0  startup_stm32f40_41xxx.o(.text)
    CAN1_TX_IRQHandler                       0x08000afb   Thumb Code     0  startup_stm32f40_41xxx.o(.text)
    CAN2_RX0_IRQHandler                      0x08000afb   Thumb Code     0  startup_stm32f40_41xxx.o(.text)
    CAN2_RX1_IRQHandler                      0x08000afb   Thumb Code     0  startup_stm32f40_41xxx.o(.text)
    CAN2_SCE_IRQHandler                      0x08000afb   Thumb Code     0  startup_stm32f40_41xxx.o(.text)
    CAN2_TX_IRQHandler                       0x08000afb   Thumb Code     0  startup_stm32f40_41xxx.o(.text)
    CRYP_IRQHandler                          0x08000afb   Thumb Code     0  startup_stm32f40_41xxx.o(.text)
    DCMI_IRQHandler                          0x08000afb   Thumb Code     0  startup_stm32f40_41xxx.o(.text)
    DMA1_Stream0_IRQHandler                  0x08000afb   Thumb Code     0  startup_stm32f40_41xxx.o(.text)
    DMA1_Stream1_IRQHandler                  0x08000afb   Thumb Code     0  startup_stm32f40_41xxx.o(.text)
    DMA1_Stream2_IRQHandler                  0x08000afb   Thumb Code     0  startup_stm32f40_41xxx.o(.text)
    DMA1_Stream3_IRQHandler                  0x08000afb   Thumb Code     0  startup_stm32f40_41xxx.o(.text)
    DMA1_Stream4_IRQHandler                  0x08000afb   Thumb Code     0  startup_stm32f40_41xxx.o(.text)
    DMA1_Stream5_IRQHandler                  0x08000afb   Thumb Code     0  startup_stm32f40_41xxx.o(.text)
    DMA1_Stream6_IRQHandler                  0x08000afb   Thumb Code     0  startup_stm32f40_41xxx.o(.text)
    DMA1_Stream7_IRQHandler                  0x08000afb   Thumb Code     0  startup_stm32f40_41xxx.o(.text)
    DMA2_Stream0_IRQHandler                  0x08000afb   Thumb Code     0  startup_stm32f40_41xxx.o(.text)
    DMA2_Stream1_IRQHandler                  0x08000afb   Thumb Code     0  startup_stm32f40_41xxx.o(.text)
    DMA2_Stream2_IRQHandler                  0x08000afb   Thumb Code     0  startup_stm32f40_41xxx.o(.text)
    DMA2_Stream3_IRQHandler                  0x08000afb   Thumb Code     0  startup_stm32f40_41xxx.o(.text)
    DMA2_Stream4_IRQHandler                  0x08000afb   Thumb Code     0  startup_stm32f40_41xxx.o(.text)
    DMA2_Stream5_IRQHandler                  0x08000afb   Thumb Code     0  startup_stm32f40_41xxx.o(.text)
    DMA2_Stream6_IRQHandler                  0x08000afb   Thumb Code     0  startup_stm32f40_41xxx.o(.text)
    DMA2_Stream7_IRQHandler                  0x08000afb   Thumb Code     0  startup_stm32f40_41xxx.o(.text)
    ETH_IRQHandler                           0x08000afb   Thumb Code     0  startup_stm32f40_41xxx.o(.text)
    ETH_WKUP_IRQHandler                      0x08000afb   Thumb Code     0  startup_stm32f40_41xxx.o(.text)
    EXTI0_IRQHandler                         0x08000afb   Thumb Code     0  startup_stm32f40_41xxx.o(.text)
    EXTI15_10_IRQHandler                     0x08000afb   Thumb Code     0  startup_stm32f40_41xxx.o(.text)
    EXTI1_IRQHandler                         0x08000afb   Thumb Code     0  startup_stm32f40_41xxx.o(.text)
    EXTI2_IRQHandler                         0x08000afb   Thumb Code     0  startup_stm32f40_41xxx.o(.text)
    EXTI3_IRQHandler                         0x08000afb   Thumb Code     0  startup_stm32f40_41xxx.o(.text)
    EXTI4_IRQHandler                         0x08000afb   Thumb Code     0  startup_stm32f40_41xxx.o(.text)
    EXTI9_5_IRQHandler                       0x08000afb   Thumb Code     0  startup_stm32f40_41xxx.o(.text)
    FLASH_IRQHandler                         0x08000afb   Thumb Code     0  startup_stm32f40_41xxx.o(.text)
    FPU_IRQHandler                           0x08000afb   Thumb Code     0  startup_stm32f40_41xxx.o(.text)
    FSMC_IRQHandler                          0x08000afb   Thumb Code     0  startup_stm32f40_41xxx.o(.text)
    HASH_RNG_IRQHandler                      0x08000afb   Thumb Code     0  startup_stm32f40_41xxx.o(.text)
    I2C1_ER_IRQHandler                       0x08000afb   Thumb Code     0  startup_stm32f40_41xxx.o(.text)
    I2C1_EV_IRQHandler                       0x08000afb   Thumb Code     0  startup_stm32f40_41xxx.o(.text)
    I2C2_ER_IRQHandler                       0x08000afb   Thumb Code     0  startup_stm32f40_41xxx.o(.text)
    I2C2_EV_IRQHandler                       0x08000afb   Thumb Code     0  startup_stm32f40_41xxx.o(.text)
    I2C3_ER_IRQHandler                       0x08000afb   Thumb Code     0  startup_stm32f40_41xxx.o(.text)
    I2C3_EV_IRQHandler                       0x08000afb   Thumb Code     0  startup_stm32f40_41xxx.o(.text)
    OTG_FS_IRQHandler                        0x08000afb   Thumb Code     0  startup_stm32f40_41xxx.o(.text)
    OTG_FS_WKUP_IRQHandler                   0x08000afb   Thumb Code     0  startup_stm32f40_41xxx.o(.text)
    OTG_HS_EP1_IN_IRQHandler                 0x08000afb   Thumb Code     0  startup_stm32f40_41xxx.o(.text)
    OTG_HS_EP1_OUT_IRQHandler                0x08000afb   Thumb Code     0  startup_stm32f40_41xxx.o(.text)
    OTG_HS_IRQHandler                        0x08000afb   Thumb Code     0  startup_stm32f40_41xxx.o(.text)
    OTG_HS_WKUP_IRQHandler                   0x08000afb   Thumb Code     0  startup_stm32f40_41xxx.o(.text)
    PVD_IRQHandler                           0x08000afb   Thumb Code     0  startup_stm32f40_41xxx.o(.text)
    RCC_IRQHandler                           0x08000afb   Thumb Code     0  startup_stm32f40_41xxx.o(.text)
    RTC_Alarm_IRQHandler                     0x08000afb   Thumb Code     0  startup_stm32f40_41xxx.o(.text)
    RTC_WKUP_IRQHandler                      0x08000afb   Thumb Code     0  startup_stm32f40_41xxx.o(.text)
    SDIO_IRQHandler                          0x08000afb   Thumb Code     0  startup_stm32f40_41xxx.o(.text)
    SPI1_IRQHandler                          0x08000afb   Thumb Code     0  startup_stm32f40_41xxx.o(.text)
    SPI2_IRQHandler                          0x08000afb   Thumb Code     0  startup_stm32f40_41xxx.o(.text)
    SPI3_IRQHandler                          0x08000afb   Thumb Code     0  startup_stm32f40_41xxx.o(.text)
    TAMP_STAMP_IRQHandler                    0x08000afb   Thumb Code     0  startup_stm32f40_41xxx.o(.text)
    TIM1_BRK_TIM9_IRQHandler                 0x08000afb   Thumb Code     0  startup_stm32f40_41xxx.o(.text)
    TIM1_CC_IRQHandler                       0x08000afb   Thumb Code     0  startup_stm32f40_41xxx.o(.text)
    TIM1_TRG_COM_TIM11_IRQHandler            0x08000afb   Thumb Code     0  startup_stm32f40_41xxx.o(.text)
    TIM1_UP_TIM10_IRQHandler                 0x08000afb   Thumb Code     0  startup_stm32f40_41xxx.o(.text)
    TIM3_IRQHandler                          0x08000afb   Thumb Code     0  startup_stm32f40_41xxx.o(.text)
    TIM4_IRQHandler                          0x08000afb   Thumb Code     0  startup_stm32f40_41xxx.o(.text)
    TIM5_IRQHandler                          0x08000afb   Thumb Code     0  startup_stm32f40_41xxx.o(.text)
    TIM6_DAC_IRQHandler                      0x08000afb   Thumb Code     0  startup_stm32f40_41xxx.o(.text)
    TIM7_IRQHandler                          0x08000afb   Thumb Code     0  startup_stm32f40_41xxx.o(.text)
    TIM8_BRK_TIM12_IRQHandler                0x08000afb   Thumb Code     0  startup_stm32f40_41xxx.o(.text)
    TIM8_CC_IRQHandler                       0x08000afb   Thumb Code     0  startup_stm32f40_41xxx.o(.text)
    TIM8_TRG_COM_TIM14_IRQHandler            0x08000afb   Thumb Code     0  startup_stm32f40_41xxx.o(.text)
    TIM8_UP_TIM13_IRQHandler                 0x08000afb   Thumb Code     0  startup_stm32f40_41xxx.o(.text)
    UART4_IRQHandler                         0x08000afb   Thumb Code     0  startup_stm32f40_41xxx.o(.text)
    UART5_IRQHandler                         0x08000afb   Thumb Code     0  startup_stm32f40_41xxx.o(.text)
    USART2_IRQHandler                        0x08000afb   Thumb Code     0  startup_stm32f40_41xxx.o(.text)
    USART3_IRQHandler                        0x08000afb   Thumb Code     0  startup_stm32f40_41xxx.o(.text)
    USART6_IRQHandler                        0x08000afb   Thumb Code     0  startup_stm32f40_41xxx.o(.text)
    WWDG_IRQHandler                          0x08000afb   Thumb Code     0  startup_stm32f40_41xxx.o(.text)
    __user_initial_stackheap                 0x08000afd   Thumb Code     0  startup_stm32f40_41xxx.o(.text)
    NVIC_PriorityGroupConfig                 0x08000b21   Thumb Code    10  misc.o(.text)
    NVIC_Init                                0x08000b2b   Thumb Code   106  misc.o(.text)
    NVIC_SetVectorTable                      0x08000b95   Thumb Code    14  misc.o(.text)
    NVIC_SystemLPConfig                      0x08000ba3   Thumb Code    34  misc.o(.text)
    SysTick_CLKSourceConfig                  0x08000bc5   Thumb Code    40  misc.o(.text)
    GPIO_DeInit                              0x08000c01   Thumb Code   268  stm32f4xx_gpio.o(.text)
    GPIO_Init                                0x08000d0d   Thumb Code   144  stm32f4xx_gpio.o(.text)
    GPIO_StructInit                          0x08000d9d   Thumb Code    18  stm32f4xx_gpio.o(.text)
    GPIO_PinLockConfig                       0x08000daf   Thumb Code    34  stm32f4xx_gpio.o(.text)
    GPIO_ReadInputDataBit                    0x08000dd1   Thumb Code    18  stm32f4xx_gpio.o(.text)
    GPIO_ReadInputData                       0x08000de3   Thumb Code     8  stm32f4xx_gpio.o(.text)
    GPIO_ReadOutputDataBit                   0x08000deb   Thumb Code    18  stm32f4xx_gpio.o(.text)
    GPIO_ReadOutputData                      0x08000dfd   Thumb Code     8  stm32f4xx_gpio.o(.text)
    GPIO_SetBits                             0x08000e05   Thumb Code     4  stm32f4xx_gpio.o(.text)
    GPIO_ResetBits                           0x08000e09   Thumb Code     4  stm32f4xx_gpio.o(.text)
    GPIO_WriteBit                            0x08000e0d   Thumb Code    10  stm32f4xx_gpio.o(.text)
    GPIO_Write                               0x08000e17   Thumb Code     4  stm32f4xx_gpio.o(.text)
    GPIO_ToggleBits                          0x08000e1b   Thumb Code     8  stm32f4xx_gpio.o(.text)
    GPIO_PinAFConfig                         0x08000e23   Thumb Code    70  stm32f4xx_gpio.o(.text)
    RCC_DeInit                               0x08000e95   Thumb Code    82  stm32f4xx_rcc.o(.text)
    RCC_HSEConfig                            0x08000ee7   Thumb Code    14  stm32f4xx_rcc.o(.text)
    RCC_GetFlagStatus                        0x08000ef5   Thumb Code    60  stm32f4xx_rcc.o(.text)
    RCC_WaitForHSEStartUp                    0x08000f31   Thumb Code    56  stm32f4xx_rcc.o(.text)
    RCC_AdjustHSICalibrationValue            0x08000f69   Thumb Code    20  stm32f4xx_rcc.o(.text)
    RCC_HSICmd                               0x08000f7d   Thumb Code     6  stm32f4xx_rcc.o(.text)
    RCC_LSEConfig                            0x08000f83   Thumb Code    46  stm32f4xx_rcc.o(.text)
    RCC_LSICmd                               0x08000fb1   Thumb Code     6  stm32f4xx_rcc.o(.text)
    RCC_PLLConfig                            0x08000fb7   Thumb Code    32  stm32f4xx_rcc.o(.text)
    RCC_PLLCmd                               0x08000fd7   Thumb Code     6  stm32f4xx_rcc.o(.text)
    RCC_PLLI2SConfig                         0x08000fdd   Thumb Code    14  stm32f4xx_rcc.o(.text)
    RCC_PLLI2SCmd                            0x08000feb   Thumb Code     6  stm32f4xx_rcc.o(.text)
    RCC_PLLSAIConfig                         0x08000ff1   Thumb Code    20  stm32f4xx_rcc.o(.text)
    RCC_PLLSAICmd                            0x08001005   Thumb Code     6  stm32f4xx_rcc.o(.text)
    RCC_ClockSecuritySystemCmd               0x0800100b   Thumb Code     6  stm32f4xx_rcc.o(.text)
    RCC_MCO1Config                           0x08001011   Thumb Code    28  stm32f4xx_rcc.o(.text)
    RCC_MCO2Config                           0x0800102d   Thumb Code    28  stm32f4xx_rcc.o(.text)
    RCC_SYSCLKConfig                         0x08001049   Thumb Code    20  stm32f4xx_rcc.o(.text)
    RCC_GetSYSCLKSource                      0x0800105d   Thumb Code    12  stm32f4xx_rcc.o(.text)
    RCC_HCLKConfig                           0x08001069   Thumb Code    20  stm32f4xx_rcc.o(.text)
    RCC_PCLK1Config                          0x0800107d   Thumb Code    20  stm32f4xx_rcc.o(.text)
    RCC_PCLK2Config                          0x08001091   Thumb Code    22  stm32f4xx_rcc.o(.text)
    RCC_GetClocksFreq                        0x080010a7   Thumb Code   222  stm32f4xx_rcc.o(.text)
    RCC_RTCCLKConfig                         0x08001185   Thumb Code    54  stm32f4xx_rcc.o(.text)
    RCC_RTCCLKCmd                            0x080011bb   Thumb Code     8  stm32f4xx_rcc.o(.text)
    RCC_BackupResetCmd                       0x080011c3   Thumb Code     8  stm32f4xx_rcc.o(.text)
    RCC_I2SCLKConfig                         0x080011cb   Thumb Code     6  stm32f4xx_rcc.o(.text)
    RCC_SAIPLLI2SClkDivConfig                0x080011d1   Thumb Code    26  stm32f4xx_rcc.o(.text)
    RCC_SAIPLLSAIClkDivConfig                0x080011eb   Thumb Code    28  stm32f4xx_rcc.o(.text)
    RCC_SAIBlockACLKConfig                   0x08001207   Thumb Code    20  stm32f4xx_rcc.o(.text)
    RCC_SAIBlockBCLKConfig                   0x0800121b   Thumb Code    20  stm32f4xx_rcc.o(.text)
    RCC_LTDCCLKDivConfig                     0x0800122f   Thumb Code    20  stm32f4xx_rcc.o(.text)
    RCC_TIMCLKPresConfig                     0x08001243   Thumb Code     6  stm32f4xx_rcc.o(.text)
    RCC_AHB1PeriphClockCmd                   0x08001249   Thumb Code    34  stm32f4xx_rcc.o(.text)
    RCC_AHB2PeriphClockCmd                   0x0800126b   Thumb Code    78  stm32f4xx_rcc.o(.text)
    RCC_AHB3PeriphClockCmd                   0x080012b9   Thumb Code    34  stm32f4xx_rcc.o(.text)
    RCC_APB1PeriphClockCmd                   0x080012db   Thumb Code    34  stm32f4xx_rcc.o(.text)
    RCC_APB2PeriphClockCmd                   0x080012fd   Thumb Code    34  stm32f4xx_rcc.o(.text)
    RCC_AHB1PeriphResetCmd                   0x0800131f   Thumb Code    34  stm32f4xx_rcc.o(.text)
    RCC_AHB2PeriphResetCmd                   0x08001341   Thumb Code    34  stm32f4xx_rcc.o(.text)
    RCC_AHB3PeriphResetCmd                   0x08001363   Thumb Code    34  stm32f4xx_rcc.o(.text)
    RCC_APB1PeriphResetCmd                   0x08001385   Thumb Code    34  stm32f4xx_rcc.o(.text)
    RCC_APB2PeriphResetCmd                   0x080013a7   Thumb Code    34  stm32f4xx_rcc.o(.text)
    RCC_AHB1PeriphClockLPModeCmd             0x080013c9   Thumb Code    34  stm32f4xx_rcc.o(.text)
    RCC_AHB2PeriphClockLPModeCmd             0x080013eb   Thumb Code    34  stm32f4xx_rcc.o(.text)
    RCC_AHB3PeriphClockLPModeCmd             0x0800140d   Thumb Code    34  stm32f4xx_rcc.o(.text)
    RCC_APB1PeriphClockLPModeCmd             0x0800142f   Thumb Code    34  stm32f4xx_rcc.o(.text)
    RCC_APB2PeriphClockLPModeCmd             0x08001451   Thumb Code    34  stm32f4xx_rcc.o(.text)
    RCC_LSEModeConfig                        0x08001473   Thumb Code    40  stm32f4xx_rcc.o(.text)
    RCC_ITConfig                             0x0800149b   Thumb Code    34  stm32f4xx_rcc.o(.text)
    RCC_ClearFlag                            0x080014bd   Thumb Code    18  stm32f4xx_rcc.o(.text)
    RCC_GetITStatus                          0x080014cf   Thumb Code    22  stm32f4xx_rcc.o(.text)
    RCC_ClearITPendingBit                    0x080014e5   Thumb Code     8  stm32f4xx_rcc.o(.text)
    TIM_DeInit                               0x080014f1   Thumb Code   346  stm32f4xx_tim.o(.text)
    TIM_TimeBaseInit                         0x0800164b   Thumb Code   104  stm32f4xx_tim.o(.text)
    TIM_TimeBaseStructInit                   0x080016b3   Thumb Code    18  stm32f4xx_tim.o(.text)
    TIM_PrescalerConfig                      0x080016c5   Thumb Code     6  stm32f4xx_tim.o(.text)
    TIM_CounterModeConfig                    0x080016cb   Thumb Code    18  stm32f4xx_tim.o(.text)
    TIM_SetCounter                           0x080016dd   Thumb Code     4  stm32f4xx_tim.o(.text)
    TIM_SetAutoreload                        0x080016e1   Thumb Code     4  stm32f4xx_tim.o(.text)
    TIM_GetCounter                           0x080016e5   Thumb Code     6  stm32f4xx_tim.o(.text)
    TIM_GetPrescaler                         0x080016eb   Thumb Code     6  stm32f4xx_tim.o(.text)
    TIM_UpdateDisableConfig                  0x080016f1   Thumb Code    24  stm32f4xx_tim.o(.text)
    TIM_UpdateRequestConfig                  0x08001709   Thumb Code    24  stm32f4xx_tim.o(.text)
    TIM_ARRPreloadConfig                     0x08001721   Thumb Code    24  stm32f4xx_tim.o(.text)
    TIM_SelectOnePulseMode                   0x08001739   Thumb Code    18  stm32f4xx_tim.o(.text)
    TIM_SetClockDivision                     0x0800174b   Thumb Code    18  stm32f4xx_tim.o(.text)
    TIM_Cmd                                  0x0800175d   Thumb Code    24  stm32f4xx_tim.o(.text)
    TIM_OC1Init                              0x08001775   Thumb Code   114  stm32f4xx_tim.o(.text)
    TIM_OC2Init                              0x080017e7   Thumb Code   154  stm32f4xx_tim.o(.text)
    TIM_OC3Init                              0x08001881   Thumb Code   204  stm32f4xx_tim.o(.text)
    TIM_OC4Init                              0x0800194d   Thumb Code   112  stm32f4xx_tim.o(.text)
    TIM_OCStructInit                         0x080019bd   Thumb Code    20  stm32f4xx_tim.o(.text)
    TIM_SelectOCxM                           0x080019d1   Thumb Code    86  stm32f4xx_tim.o(.text)
    TIM_SetCompare1                          0x08001a27   Thumb Code     4  stm32f4xx_tim.o(.text)
    TIM_SetCompare2                          0x08001a2b   Thumb Code     4  stm32f4xx_tim.o(.text)
    TIM_SetCompare3                          0x08001a2f   Thumb Code     4  stm32f4xx_tim.o(.text)
    TIM_SetCompare4                          0x08001a33   Thumb Code     4  stm32f4xx_tim.o(.text)
    TIM_ForcedOC1Config                      0x08001a37   Thumb Code    18  stm32f4xx_tim.o(.text)
    TIM_ForcedOC2Config                      0x08001a49   Thumb Code    26  stm32f4xx_tim.o(.text)
    TIM_ForcedOC3Config                      0x08001a63   Thumb Code    18  stm32f4xx_tim.o(.text)
    TIM_ForcedOC4Config                      0x08001a75   Thumb Code    26  stm32f4xx_tim.o(.text)
    TIM_OC1PreloadConfig                     0x08001a8f   Thumb Code    18  stm32f4xx_tim.o(.text)
    TIM_OC2PreloadConfig                     0x08001aa1   Thumb Code    26  stm32f4xx_tim.o(.text)
    TIM_OC3PreloadConfig                     0x08001abb   Thumb Code    18  stm32f4xx_tim.o(.text)
    TIM_OC4PreloadConfig                     0x08001acd   Thumb Code    26  stm32f4xx_tim.o(.text)
    TIM_OC1FastConfig                        0x08001ae7   Thumb Code    18  stm32f4xx_tim.o(.text)
    TIM_OC2FastConfig                        0x08001af9   Thumb Code    26  stm32f4xx_tim.o(.text)
    TIM_OC3FastConfig                        0x08001b13   Thumb Code    18  stm32f4xx_tim.o(.text)
    TIM_OC4FastConfig                        0x08001b25   Thumb Code    26  stm32f4xx_tim.o(.text)
    TIM_ClearOC1Ref                          0x08001b3f   Thumb Code    18  stm32f4xx_tim.o(.text)
    TIM_ClearOC2Ref                          0x08001b51   Thumb Code    24  stm32f4xx_tim.o(.text)
    TIM_ClearOC3Ref                          0x08001b69   Thumb Code    18  stm32f4xx_tim.o(.text)
    TIM_ClearOC4Ref                          0x08001b7b   Thumb Code    24  stm32f4xx_tim.o(.text)
    TIM_OC1PolarityConfig                    0x08001b93   Thumb Code    18  stm32f4xx_tim.o(.text)
    TIM_OC1NPolarityConfig                   0x08001ba5   Thumb Code    18  stm32f4xx_tim.o(.text)
    TIM_OC2PolarityConfig                    0x08001bb7   Thumb Code    26  stm32f4xx_tim.o(.text)
    TIM_OC2NPolarityConfig                   0x08001bd1   Thumb Code    26  stm32f4xx_tim.o(.text)
    TIM_OC3PolarityConfig                    0x08001beb   Thumb Code    26  stm32f4xx_tim.o(.text)
    TIM_OC3NPolarityConfig                   0x08001c05   Thumb Code    26  stm32f4xx_tim.o(.text)
    TIM_OC4PolarityConfig                    0x08001c1f   Thumb Code    26  stm32f4xx_tim.o(.text)
    TIM_CCxCmd                               0x08001c39   Thumb Code    30  stm32f4xx_tim.o(.text)
    TIM_CCxNCmd                              0x08001c57   Thumb Code    30  stm32f4xx_tim.o(.text)
    TIM_SetIC4Prescaler                      0x08001c75   Thumb Code    26  stm32f4xx_tim.o(.text)
    TIM_SetIC3Prescaler                      0x08001cdf   Thumb Code    18  stm32f4xx_tim.o(.text)
    TIM_SetIC2Prescaler                      0x08001d39   Thumb Code    26  stm32f4xx_tim.o(.text)
    TIM_SetIC1Prescaler                      0x08001dad   Thumb Code    18  stm32f4xx_tim.o(.text)
    TIM_ICInit                               0x08001df9   Thumb Code   110  stm32f4xx_tim.o(.text)
    TIM_ICStructInit                         0x08001e67   Thumb Code    18  stm32f4xx_tim.o(.text)
    TIM_PWMIConfig                           0x08001e79   Thumb Code   124  stm32f4xx_tim.o(.text)
    TIM_GetCapture1                          0x08001ef5   Thumb Code     6  stm32f4xx_tim.o(.text)
    TIM_GetCapture2                          0x08001efb   Thumb Code     6  stm32f4xx_tim.o(.text)
    TIM_GetCapture3                          0x08001f01   Thumb Code     6  stm32f4xx_tim.o(.text)
    TIM_GetCapture4                          0x08001f07   Thumb Code     6  stm32f4xx_tim.o(.text)
    TIM_BDTRConfig                           0x08001f0d   Thumb Code    32  stm32f4xx_tim.o(.text)
    TIM_BDTRStructInit                       0x08001f2d   Thumb Code    18  stm32f4xx_tim.o(.text)
    TIM_CtrlPWMOutputs                       0x08001f3f   Thumb Code    30  stm32f4xx_tim.o(.text)
    TIM_SelectCOM                            0x08001f5d   Thumb Code    24  stm32f4xx_tim.o(.text)
    TIM_CCPreloadControl                     0x08001f75   Thumb Code    24  stm32f4xx_tim.o(.text)
    TIM_ITConfig                             0x08001f8d   Thumb Code    18  stm32f4xx_tim.o(.text)
    TIM_GenerateEvent                        0x08001f9f   Thumb Code     4  stm32f4xx_tim.o(.text)
    TIM_GetFlagStatus                        0x08001fa3   Thumb Code    18  stm32f4xx_tim.o(.text)
    TIM_ClearFlag                            0x08001fb5   Thumb Code     6  stm32f4xx_tim.o(.text)
    TIM_GetITStatus                          0x08001fbb   Thumb Code    34  stm32f4xx_tim.o(.text)
    TIM_ClearITPendingBit                    0x08001fdd   Thumb Code     6  stm32f4xx_tim.o(.text)
    TIM_DMAConfig                            0x08001fe3   Thumb Code    10  stm32f4xx_tim.o(.text)
    TIM_DMACmd                               0x08001fed   Thumb Code    18  stm32f4xx_tim.o(.text)
    TIM_SelectCCDMA                          0x08001fff   Thumb Code    24  stm32f4xx_tim.o(.text)
    TIM_InternalClockConfig                  0x08002017   Thumb Code    12  stm32f4xx_tim.o(.text)
    TIM_SelectInputTrigger                   0x08002023   Thumb Code    18  stm32f4xx_tim.o(.text)
    TIM_ITRxExternalClockConfig              0x08002035   Thumb Code    24  stm32f4xx_tim.o(.text)
    TIM_TIxExternalClockConfig               0x0800204d   Thumb Code    62  stm32f4xx_tim.o(.text)
    TIM_ETRConfig                            0x0800208b   Thumb Code    28  stm32f4xx_tim.o(.text)
    TIM_ETRClockMode1Config                  0x080020a7   Thumb Code    54  stm32f4xx_tim.o(.text)
    TIM_ETRClockMode2Config                  0x080020dd   Thumb Code    32  stm32f4xx_tim.o(.text)
    TIM_SelectOutputTrigger                  0x080020fd   Thumb Code    18  stm32f4xx_tim.o(.text)
    TIM_SelectSlaveMode                      0x0800210f   Thumb Code    18  stm32f4xx_tim.o(.text)
    TIM_SelectMasterSlaveMode                0x08002121   Thumb Code    18  stm32f4xx_tim.o(.text)
    TIM_EncoderInterfaceConfig               0x08002133   Thumb Code    66  stm32f4xx_tim.o(.text)
    TIM_SelectHallSensor                     0x08002175   Thumb Code    24  stm32f4xx_tim.o(.text)
    TIM_RemapConfig                          0x0800218d   Thumb Code     6  stm32f4xx_tim.o(.text)
    USART_DeInit                             0x08002195   Thumb Code   206  stm32f4xx_usart.o(.text)
    USART_Init                               0x08002263   Thumb Code   204  stm32f4xx_usart.o(.text)
    USART_StructInit                         0x0800232f   Thumb Code    24  stm32f4xx_usart.o(.text)
    USART_ClockInit                          0x08002347   Thumb Code    32  stm32f4xx_usart.o(.text)
    USART_ClockStructInit                    0x08002367   Thumb Code    12  stm32f4xx_usart.o(.text)
    USART_Cmd                                0x08002373   Thumb Code    24  stm32f4xx_usart.o(.text)
    USART_SetPrescaler                       0x0800238b   Thumb Code    16  stm32f4xx_usart.o(.text)
    USART_OverSampling8Cmd                   0x0800239b   Thumb Code    22  stm32f4xx_usart.o(.text)
    USART_OneBitMethodCmd                    0x080023b1   Thumb Code    24  stm32f4xx_usart.o(.text)
    USART_SendData                           0x080023c9   Thumb Code     8  stm32f4xx_usart.o(.text)
    USART_ReceiveData                        0x080023d1   Thumb Code    10  stm32f4xx_usart.o(.text)
    USART_SetAddress                         0x080023db   Thumb Code    18  stm32f4xx_usart.o(.text)
    USART_ReceiverWakeUpCmd                  0x080023ed   Thumb Code    24  stm32f4xx_usart.o(.text)
    USART_WakeUpConfig                       0x08002405   Thumb Code    18  stm32f4xx_usart.o(.text)
    USART_LINBreakDetectLengthConfig         0x08002417   Thumb Code    18  stm32f4xx_usart.o(.text)
    USART_LINCmd                             0x08002429   Thumb Code    24  stm32f4xx_usart.o(.text)
    USART_SendBreak                          0x08002441   Thumb Code    10  stm32f4xx_usart.o(.text)
    USART_HalfDuplexCmd                      0x0800244b   Thumb Code    24  stm32f4xx_usart.o(.text)
    USART_SetGuardTime                       0x08002463   Thumb Code    16  stm32f4xx_usart.o(.text)
    USART_SmartCardCmd                       0x08002473   Thumb Code    24  stm32f4xx_usart.o(.text)
    USART_SmartCardNACKCmd                   0x0800248b   Thumb Code    24  stm32f4xx_usart.o(.text)
    USART_IrDAConfig                         0x080024a3   Thumb Code    18  stm32f4xx_usart.o(.text)
    USART_IrDACmd                            0x080024b5   Thumb Code    24  stm32f4xx_usart.o(.text)
    USART_DMACmd                             0x080024cd   Thumb Code    18  stm32f4xx_usart.o(.text)
    USART_ITConfig                           0x080024df   Thumb Code    74  stm32f4xx_usart.o(.text)
    USART_GetFlagStatus                      0x08002529   Thumb Code    26  stm32f4xx_usart.o(.text)
    USART_ClearFlag                          0x08002543   Thumb Code    18  stm32f4xx_usart.o(.text)
    USART_GetITStatus                        0x08002555   Thumb Code   118  stm32f4xx_usart.o(.text)
    USART_ClearITPendingBit                  0x080025cb   Thumb Code    30  stm32f4xx_usart.o(.text)
    key_init                                 0x080025e9   Thumb Code    66  key.o(.text)
    __c89vsprintf                            0x08002635   Thumb Code    32  c89vsprintf.o(.text)
    __aeabi_memcpy4                          0x08002659   Thumb Code     0  rt_memcpy_w.o(.text)
    __aeabi_memcpy8                          0x08002659   Thumb Code     0  rt_memcpy_w.o(.text)
    __rt_memcpy_w                            0x08002659   Thumb Code   100  rt_memcpy_w.o(.text)
    _memcpy_lastbytes_aligned                0x080026a1   Thumb Code     0  rt_memcpy_w.o(.text)
    __use_two_region_memory                  0x080026bd   Thumb Code     2  heapauxi.o(.text)
    __rt_heap_escrow$2region                 0x080026bf   Thumb Code     2  heapauxi.o(.text)
    __rt_heap_expand$2region                 0x080026c1   Thumb Code     2  heapauxi.o(.text)
    _printf_pre_padding                      0x080026c3   Thumb Code    44  _printf_pad.o(.text)
    _printf_post_padding                     0x080026ef   Thumb Code    34  _printf_pad.o(.text)
    _printf_truncate_signed                  0x08002711   Thumb Code    18  _printf_truncate.o(.text)
    _printf_truncate_unsigned                0x08002723   Thumb Code    18  _printf_truncate.o(.text)
    _printf_str                              0x08002735   Thumb Code    82  _printf_str.o(.text)
    _printf_int_dec                          0x08002789   Thumb Code   104  _printf_dec.o(.text)
    _printf_charcount                        0x08002801   Thumb Code    40  _printf_charcount.o(.text)
    _printf_char_common                      0x08002833   Thumb Code    32  _printf_char_common.o(.text)
    _sputc                                   0x08002859   Thumb Code    10  _sputc.o(.text)
    _printf_wctomb                           0x08002865   Thumb Code   182  _printf_wctomb.o(.text)
    _printf_longlong_dec                     0x08002921   Thumb Code   108  _printf_longlong_dec.o(.text)
    _printf_longlong_oct                     0x0800299d   Thumb Code    66  _printf_oct_int_ll.o(.text)
    _printf_int_oct                          0x080029df   Thumb Code    24  _printf_oct_int_ll.o(.text)
    _printf_ll_oct                           0x080029f7   Thumb Code    12  _printf_oct_int_ll.o(.text)
    _printf_longlong_hex                     0x08002a0d   Thumb Code    86  _printf_hex_int_ll_ptr.o(.text)
    _printf_int_hex                          0x08002a63   Thumb Code    28  _printf_hex_int_ll_ptr.o(.text)
    _printf_ll_hex                           0x08002a7f   Thumb Code    12  _printf_hex_int_ll_ptr.o(.text)
    _printf_hex_ptr                          0x08002a8b   Thumb Code    18  _printf_hex_int_ll_ptr.o(.text)
    __printf                                 0x08002aa1   Thumb Code   388  __printf_flags_ss_wp.o(.text)
    _ll_udiv10                               0x08002c29   Thumb Code   138  lludiv10.o(.text)
    _printf_int_common                       0x08002cb3   Thumb Code   178  _printf_intcommon.o(.text)
    __lib_sel_fp_printf                      0x08002d65   Thumb Code     2  _printf_fp_dec.o(.text)
    _printf_fp_dec_real                      0x08002f17   Thumb Code   620  _printf_fp_dec.o(.text)
    _printf_cs_common                        0x08003183   Thumb Code    20  _printf_char.o(.text)
    _printf_char                             0x08003197   Thumb Code    16  _printf_char.o(.text)
    _printf_string                           0x080031a7   Thumb Code     8  _printf_char.o(.text)
    _printf_lcs_common                       0x080031af   Thumb Code    20  _printf_wchar.o(.text)
    _printf_wchar                            0x080031c3   Thumb Code    16  _printf_wchar.o(.text)
    _printf_wstring                          0x080031d3   Thumb Code     8  _printf_wchar.o(.text)
    _wcrtomb                                 0x080031db   Thumb Code    64  _wcrtomb.o(.text)
    __user_setup_stackheap                   0x0800321b   Thumb Code    74  sys_stackheap_outer.o(.text)
    __rt_ctype_table                         0x08003265   Thumb Code    16  rt_ctype_table.o(.text)
    __rt_locale                              0x08003275   Thumb Code     8  rt_locale_intlibspace.o(.text)
    _printf_fp_infnan                        0x0800327d   Thumb Code   112  _printf_fp_infnan.o(.text)
    _btod_etento                             0x080032fd   Thumb Code   224  bigflt0.o(.text)
    exit                                     0x080033e1   Thumb Code    18  exit.o(.text)
    __user_libspace                          0x080033f5   Thumb Code     8  libspace.o(.text)
    __user_perproc_libspace                  0x080033f5   Thumb Code     0  libspace.o(.text)
    __user_perthread_libspace                0x080033f5   Thumb Code     0  libspace.o(.text)
    strcmp                                   0x080033fd   Thumb Code   128  strcmpv7m.o(.text)
    _sys_exit                                0x0800347d   Thumb Code     8  sys_exit.o(.text)
    __I$use$semihosting                      0x08003489   Thumb Code     0  use_no_semi.o(.text)
    __use_no_semihosting_swi                 0x08003489   Thumb Code     2  use_no_semi.o(.text)
    __semihosting_library_function           0x0800348b   Thumb Code     0  indicate_semi.o(.text)
    _btod_d2e                                0x0800348b   Thumb Code    62  btod.o(CL$$btod_d2e)
    _d2e_denorm_low                          0x080034c9   Thumb Code    70  btod.o(CL$$btod_d2e_denorm_low)
    _d2e_norm_op1                            0x0800350f   Thumb Code    96  btod.o(CL$$btod_d2e_norm_op1)
    __btod_div_common                        0x0800356f   Thumb Code   696  btod.o(CL$$btod_div_common)
    _e2e                                     0x080038a7   Thumb Code   220  btod.o(CL$$btod_e2e)
    _btod_ediv                               0x08003983   Thumb Code    42  btod.o(CL$$btod_ediv)
    _btod_emul                               0x080039ad   Thumb Code    42  btod.o(CL$$btod_emul)
    __btod_mult_common                       0x080039d7   Thumb Code   580  btod.o(CL$$btod_mult_common)
    __ARM_fpclassify                         0x08003c1b   Thumb Code    48  fpclassify.o(i.__ARM_fpclassify)
    _is_digit                                0x08003c4b   Thumb Code    14  __printf_wp.o(i._is_digit)
    _get_lc_numeric                          0x08003c59   Thumb Code    44  lc_numeric_c.o(locale$$code)
    _get_lc_ctype                            0x08003c85   Thumb Code    44  lc_ctype_c.o(locale$$code)
    _fp_init                                 0x08003cb1   Thumb Code    10  fpinit.o(x$fpl$fpinit)
    __fplib_config_fpu_vfp                   0x08003cb9   Thumb Code     0  fpinit.o(x$fpl$fpinit)
    __fplib_config_pureend_doubles           0x08003cb9   Thumb Code     0  fpinit.o(x$fpl$fpinit)
    _printf_fp_dec                           0x08003cbb   Thumb Code     4  printf1.o(x$fpl$printf1)
    __I$use$fp                               0x08003cbe   Number         0  usenofp.o(x$fpl$usenofp)
    Region$$Table$$Base                      0x08003de8   Number         0  anon$$obj.o(Region$$Table)
    Region$$Table$$Limit                     0x08003e08   Number         0  anon$$obj.o(Region$$Table)
    __ctype                                  0x08003e31   Data           0  lc_ctype_c.o(locale$$data)
    pwm_duty_cycle                           0x20000000   Data           2  main.o(.data)
    timer2_counter                           0x20000004   Data           4  main.o(.data)
    xiaoXingXing                             0x20000008   Data         168  main.o(.data)
    KeNan                                    0x200000b0   Data        1776  main.o(.data)
    JIALEBI                                  0x200007a0   Data         792  main.o(.data)
    SystemCoreClock                          0x20000ab8   Data           4  system_stm32f4xx.o(.data)
    AHBPrescTable                            0x20000abc   Data          16  system_stm32f4xx.o(.data)
    Serial_RxFlag                            0x20000acc   Data           1  usart1.o(.data)
    Serial_RxPacket                          0x20000ae0   Data         100  usart1.o(.bss)
    __libspace_start                         0x20000b44   Data          96  libspace.o(.bss)
    __temporary_stack_top$libspace           0x20000ba4   Data           0  libspace.o(.bss)



==============================================================================

Memory Map of the image

  Image Entry point : 0x08000189

  Load Region LR_IROM1 (Base: 0x08000000, Size: 0x00004a14, Max: 0x00100000, ABSOLUTE, COMPRESSED[0x00004118])

    Execution Region ER_IROM1 (Exec base: 0x08000000, Load base: 0x08000000, Size: 0x00003f34, Max: 0x00100000, ABSOLUTE)

    Exec Addr    Load Addr    Size         Type   Attr      Idx    E Section Name        Object

    0x08000000   0x08000000   0x00000188   Data   RO          295    RESET               startup_stm32f40_41xxx.o
    0x08000188   0x08000188   0x00000008   Code   RO         1071  * !!!main             c_w.l(__main.o)
    0x08000190   0x08000190   0x00000034   Code   RO         1385    !!!scatter          c_w.l(__scatter.o)
    0x080001c4   0x080001c4   0x0000005a   Code   RO         1383    !!dczerorl2         c_w.l(__dczerorl2.o)
    0x0800021e   0x0800021e   0x00000002   PAD
    0x08000220   0x08000220   0x0000001c   Code   RO         1387    !!handler_zi        c_w.l(__scatter_zi.o)
    0x0800023c   0x0800023c   0x00000000   Code   RO         1155    .ARM.Collect$$_printf_percent$$00000000  c_w.l(_printf_percent.o)
    0x0800023c   0x0800023c   0x00000006   Code   RO         1144    .ARM.Collect$$_printf_percent$$00000001  c_w.l(_printf_n.o)
    0x08000242   0x08000242   0x00000006   Code   RO         1146    .ARM.Collect$$_printf_percent$$00000002  c_w.l(_printf_p.o)
    0x08000248   0x08000248   0x00000006   Code   RO         1151    .ARM.Collect$$_printf_percent$$00000003  c_w.l(_printf_f.o)
    0x0800024e   0x0800024e   0x00000006   Code   RO         1152    .ARM.Collect$$_printf_percent$$00000004  c_w.l(_printf_e.o)
    0x08000254   0x08000254   0x00000006   Code   RO         1153    .ARM.Collect$$_printf_percent$$00000005  c_w.l(_printf_g.o)
    0x0800025a   0x0800025a   0x00000006   Code   RO         1154    .ARM.Collect$$_printf_percent$$00000006  c_w.l(_printf_a.o)
    0x08000260   0x08000260   0x0000000a   Code   RO         1159    .ARM.Collect$$_printf_percent$$00000007  c_w.l(_printf_ll.o)
    0x0800026a   0x0800026a   0x00000006   Code   RO         1148    .ARM.Collect$$_printf_percent$$00000008  c_w.l(_printf_i.o)
    0x08000270   0x08000270   0x00000006   Code   RO         1149    .ARM.Collect$$_printf_percent$$00000009  c_w.l(_printf_d.o)
    0x08000276   0x08000276   0x00000006   Code   RO         1150    .ARM.Collect$$_printf_percent$$0000000A  c_w.l(_printf_u.o)
    0x0800027c   0x0800027c   0x00000006   Code   RO         1147    .ARM.Collect$$_printf_percent$$0000000B  c_w.l(_printf_o.o)
    0x08000282   0x08000282   0x00000006   Code   RO         1145    .ARM.Collect$$_printf_percent$$0000000C  c_w.l(_printf_x.o)
    0x08000288   0x08000288   0x00000006   Code   RO         1156    .ARM.Collect$$_printf_percent$$0000000D  c_w.l(_printf_lli.o)
    0x0800028e   0x0800028e   0x00000006   Code   RO         1157    .ARM.Collect$$_printf_percent$$0000000E  c_w.l(_printf_lld.o)
    0x08000294   0x08000294   0x00000006   Code   RO         1158    .ARM.Collect$$_printf_percent$$0000000F  c_w.l(_printf_llu.o)
    0x0800029a   0x0800029a   0x00000006   Code   RO         1163    .ARM.Collect$$_printf_percent$$00000010  c_w.l(_printf_llo.o)
    0x080002a0   0x080002a0   0x00000006   Code   RO         1164    .ARM.Collect$$_printf_percent$$00000011  c_w.l(_printf_llx.o)
    0x080002a6   0x080002a6   0x0000000a   Code   RO         1160    .ARM.Collect$$_printf_percent$$00000012  c_w.l(_printf_l.o)
    0x080002b0   0x080002b0   0x00000006   Code   RO         1142    .ARM.Collect$$_printf_percent$$00000013  c_w.l(_printf_c.o)
    0x080002b6   0x080002b6   0x00000006   Code   RO         1143    .ARM.Collect$$_printf_percent$$00000014  c_w.l(_printf_s.o)
    0x080002bc   0x080002bc   0x00000006   Code   RO         1161    .ARM.Collect$$_printf_percent$$00000015  c_w.l(_printf_lc.o)
    0x080002c2   0x080002c2   0x00000006   Code   RO         1162    .ARM.Collect$$_printf_percent$$00000016  c_w.l(_printf_ls.o)
    0x080002c8   0x080002c8   0x00000004   Code   RO         1194    .ARM.Collect$$_printf_percent$$00000017  c_w.l(_printf_percent_end.o)
    0x080002cc   0x080002cc   0x00000002   Code   RO         1243    .ARM.Collect$$libinit$$00000000  c_w.l(libinit.o)
    0x080002ce   0x080002ce   0x00000004   Code   RO         1259    .ARM.Collect$$libinit$$00000001  c_w.l(libinit2.o)
    0x080002d2   0x080002d2   0x00000000   Code   RO         1262    .ARM.Collect$$libinit$$00000004  c_w.l(libinit2.o)
    0x080002d2   0x080002d2   0x00000000   Code   RO         1265    .ARM.Collect$$libinit$$0000000A  c_w.l(libinit2.o)
    0x080002d2   0x080002d2   0x00000000   Code   RO         1267    .ARM.Collect$$libinit$$0000000C  c_w.l(libinit2.o)
    0x080002d2   0x080002d2   0x00000000   Code   RO         1269    .ARM.Collect$$libinit$$0000000E  c_w.l(libinit2.o)
    0x080002d2   0x080002d2   0x00000006   Code   RO         1270    .ARM.Collect$$libinit$$0000000F  c_w.l(libinit2.o)
    0x080002d8   0x080002d8   0x00000000   Code   RO         1272    .ARM.Collect$$libinit$$00000011  c_w.l(libinit2.o)
    0x080002d8   0x080002d8   0x0000000c   Code   RO         1273    .ARM.Collect$$libinit$$00000012  c_w.l(libinit2.o)
    0x080002e4   0x080002e4   0x00000000   Code   RO         1274    .ARM.Collect$$libinit$$00000013  c_w.l(libinit2.o)
    0x080002e4   0x080002e4   0x00000000   Code   RO         1276    .ARM.Collect$$libinit$$00000015  c_w.l(libinit2.o)
    0x080002e4   0x080002e4   0x0000000a   Code   RO         1277    .ARM.Collect$$libinit$$00000016  c_w.l(libinit2.o)
    0x080002ee   0x080002ee   0x00000000   Code   RO         1278    .ARM.Collect$$libinit$$00000017  c_w.l(libinit2.o)
    0x080002ee   0x080002ee   0x00000000   Code   RO         1280    .ARM.Collect$$libinit$$00000019  c_w.l(libinit2.o)
    0x080002ee   0x080002ee   0x00000000   Code   RO         1282    .ARM.Collect$$libinit$$0000001B  c_w.l(libinit2.o)
    0x080002ee   0x080002ee   0x00000000   Code   RO         1284    .ARM.Collect$$libinit$$0000001D  c_w.l(libinit2.o)
    0x080002ee   0x080002ee   0x00000000   Code   RO         1286    .ARM.Collect$$libinit$$0000001F  c_w.l(libinit2.o)
    0x080002ee   0x080002ee   0x00000000   Code   RO         1288    .ARM.Collect$$libinit$$00000021  c_w.l(libinit2.o)
    0x080002ee   0x080002ee   0x00000000   Code   RO         1290    .ARM.Collect$$libinit$$00000023  c_w.l(libinit2.o)
    0x080002ee   0x080002ee   0x00000000   Code   RO         1292    .ARM.Collect$$libinit$$00000025  c_w.l(libinit2.o)
    0x080002ee   0x080002ee   0x00000000   Code   RO         1296    .ARM.Collect$$libinit$$0000002C  c_w.l(libinit2.o)
    0x080002ee   0x080002ee   0x00000000   Code   RO         1298    .ARM.Collect$$libinit$$0000002E  c_w.l(libinit2.o)
    0x080002ee   0x080002ee   0x00000000   Code   RO         1300    .ARM.Collect$$libinit$$00000030  c_w.l(libinit2.o)
    0x080002ee   0x080002ee   0x00000000   Code   RO         1302    .ARM.Collect$$libinit$$00000032  c_w.l(libinit2.o)
    0x080002ee   0x080002ee   0x00000002   Code   RO         1303    .ARM.Collect$$libinit$$00000033  c_w.l(libinit2.o)
    0x080002f0   0x080002f0   0x00000002   Code   RO         1323    .ARM.Collect$$libshutdown$$00000000  c_w.l(libshutdown.o)
    0x080002f2   0x080002f2   0x00000000   Code   RO         1336    .ARM.Collect$$libshutdown$$00000002  c_w.l(libshutdown2.o)
    0x080002f2   0x080002f2   0x00000000   Code   RO         1338    .ARM.Collect$$libshutdown$$00000004  c_w.l(libshutdown2.o)
    0x080002f2   0x080002f2   0x00000000   Code   RO         1341    .ARM.Collect$$libshutdown$$00000007  c_w.l(libshutdown2.o)
    0x080002f2   0x080002f2   0x00000000   Code   RO         1344    .ARM.Collect$$libshutdown$$0000000A  c_w.l(libshutdown2.o)
    0x080002f2   0x080002f2   0x00000000   Code   RO         1346    .ARM.Collect$$libshutdown$$0000000C  c_w.l(libshutdown2.o)
    0x080002f2   0x080002f2   0x00000000   Code   RO         1349    .ARM.Collect$$libshutdown$$0000000F  c_w.l(libshutdown2.o)
    0x080002f2   0x080002f2   0x00000002   Code   RO         1350    .ARM.Collect$$libshutdown$$00000010  c_w.l(libshutdown2.o)
    0x080002f4   0x080002f4   0x00000000   Code   RO         1073    .ARM.Collect$$rtentry$$00000000  c_w.l(__rtentry.o)
    0x080002f4   0x080002f4   0x00000000   Code   RO         1168    .ARM.Collect$$rtentry$$00000002  c_w.l(__rtentry2.o)
    0x080002f4   0x080002f4   0x00000006   Code   RO         1180    .ARM.Collect$$rtentry$$00000004  c_w.l(__rtentry4.o)
    0x080002fa   0x080002fa   0x00000000   Code   RO         1170    .ARM.Collect$$rtentry$$00000009  c_w.l(__rtentry2.o)
    0x080002fa   0x080002fa   0x00000004   Code   RO         1171    .ARM.Collect$$rtentry$$0000000A  c_w.l(__rtentry2.o)
    0x080002fe   0x080002fe   0x00000000   Code   RO         1173    .ARM.Collect$$rtentry$$0000000C  c_w.l(__rtentry2.o)
    0x080002fe   0x080002fe   0x00000008   Code   RO         1174    .ARM.Collect$$rtentry$$0000000D  c_w.l(__rtentry2.o)
    0x08000306   0x08000306   0x00000002   Code   RO         1252    .ARM.Collect$$rtexit$$00000000  c_w.l(rtexit.o)
    0x08000308   0x08000308   0x00000000   Code   RO         1305    .ARM.Collect$$rtexit$$00000002  c_w.l(rtexit2.o)
    0x08000308   0x08000308   0x00000004   Code   RO         1306    .ARM.Collect$$rtexit$$00000003  c_w.l(rtexit2.o)
    0x0800030c   0x0800030c   0x00000006   Code   RO         1307    .ARM.Collect$$rtexit$$00000004  c_w.l(rtexit2.o)
    0x08000312   0x08000312   0x00000002   PAD
    0x08000314   0x08000314   0x00000344   Code   RO            3    .text               main.o
    0x08000658   0x08000658   0x0000001a   Code   RO          151    .text               stm32f4xx_it.o
    0x08000672   0x08000672   0x00000002   PAD
    0x08000674   0x08000674   0x00000210   Code   RO          174    .text               system_stm32f4xx.o
    0x08000884   0x08000884   0x0000025c   Code   RO          249    .text               usart1.o
    0x08000ae0   0x08000ae0   0x00000040   Code   RO          296    .text               startup_stm32f40_41xxx.o
    0x08000b20   0x08000b20   0x000000e0   Code   RO          302    .text               misc.o
    0x08000c00   0x08000c00   0x00000294   Code   RO          677    .text               stm32f4xx_gpio.o
    0x08000e94   0x08000e94   0x0000065c   Code   RO          840    .text               stm32f4xx_rcc.o
    0x080014f0   0x080014f0   0x00000ca2   Code   RO          985    .text               stm32f4xx_tim.o
    0x08002192   0x08002192   0x00000002   PAD
    0x08002194   0x08002194   0x00000454   Code   RO         1005    .text               stm32f4xx_usart.o
    0x080025e8   0x080025e8   0x0000004c   Code   RO         1045    .text               key.o
    0x08002634   0x08002634   0x00000024   Code   RO         1065    .text               c_w.l(c89vsprintf.o)
    0x08002658   0x08002658   0x00000064   Code   RO         1067    .text               c_w.l(rt_memcpy_w.o)
    0x080026bc   0x080026bc   0x00000006   Code   RO         1069    .text               c_w.l(heapauxi.o)
    0x080026c2   0x080026c2   0x0000004e   Code   RO         1076    .text               c_w.l(_printf_pad.o)
    0x08002710   0x08002710   0x00000024   Code   RO         1078    .text               c_w.l(_printf_truncate.o)
    0x08002734   0x08002734   0x00000052   Code   RO         1080    .text               c_w.l(_printf_str.o)
    0x08002786   0x08002786   0x00000002   PAD
    0x08002788   0x08002788   0x00000078   Code   RO         1082    .text               c_w.l(_printf_dec.o)
    0x08002800   0x08002800   0x00000028   Code   RO         1084    .text               c_w.l(_printf_charcount.o)
    0x08002828   0x08002828   0x00000030   Code   RO         1086    .text               c_w.l(_printf_char_common.o)
    0x08002858   0x08002858   0x0000000a   Code   RO         1088    .text               c_w.l(_sputc.o)
    0x08002862   0x08002862   0x00000002   PAD
    0x08002864   0x08002864   0x000000bc   Code   RO         1090    .text               c_w.l(_printf_wctomb.o)
    0x08002920   0x08002920   0x0000007c   Code   RO         1093    .text               c_w.l(_printf_longlong_dec.o)
    0x0800299c   0x0800299c   0x00000070   Code   RO         1099    .text               c_w.l(_printf_oct_int_ll.o)
    0x08002a0c   0x08002a0c   0x00000094   Code   RO         1119    .text               c_w.l(_printf_hex_int_ll_ptr.o)
    0x08002aa0   0x08002aa0   0x00000188   Code   RO         1139    .text               c_w.l(__printf_flags_ss_wp.o)
    0x08002c28   0x08002c28   0x0000008a   Code   RO         1182    .text               c_w.l(lludiv10.o)
    0x08002cb2   0x08002cb2   0x000000b2   Code   RO         1184    .text               c_w.l(_printf_intcommon.o)
    0x08002d64   0x08002d64   0x0000041e   Code   RO         1186    .text               c_w.l(_printf_fp_dec.o)
    0x08003182   0x08003182   0x0000002c   Code   RO         1190    .text               c_w.l(_printf_char.o)
    0x080031ae   0x080031ae   0x0000002c   Code   RO         1192    .text               c_w.l(_printf_wchar.o)
    0x080031da   0x080031da   0x00000040   Code   RO         1195    .text               c_w.l(_wcrtomb.o)
    0x0800321a   0x0800321a   0x0000004a   Code   RO         1197    .text               c_w.l(sys_stackheap_outer.o)
    0x08003264   0x08003264   0x00000010   Code   RO         1199    .text               c_w.l(rt_ctype_table.o)
    0x08003274   0x08003274   0x00000008   Code   RO         1204    .text               c_w.l(rt_locale_intlibspace.o)
    0x0800327c   0x0800327c   0x00000080   Code   RO         1206    .text               c_w.l(_printf_fp_infnan.o)
    0x080032fc   0x080032fc   0x000000e4   Code   RO         1208    .text               c_w.l(bigflt0.o)
    0x080033e0   0x080033e0   0x00000012   Code   RO         1236    .text               c_w.l(exit.o)
    0x080033f2   0x080033f2   0x00000002   PAD
    0x080033f4   0x080033f4   0x00000008   Code   RO         1249    .text               c_w.l(libspace.o)
    0x080033fc   0x080033fc   0x00000080   Code   RO         1257    .text               c_w.l(strcmpv7m.o)
    0x0800347c   0x0800347c   0x0000000c   Code   RO         1315    .text               c_w.l(sys_exit.o)
    0x08003488   0x08003488   0x00000002   Code   RO         1326    .text               c_w.l(use_no_semi.o)
    0x0800348a   0x0800348a   0x00000000   Code   RO         1328    .text               c_w.l(indicate_semi.o)
    0x0800348a   0x0800348a   0x0000003e   Code   RO         1211    CL$$btod_d2e        c_w.l(btod.o)
    0x080034c8   0x080034c8   0x00000046   Code   RO         1213    CL$$btod_d2e_denorm_low  c_w.l(btod.o)
    0x0800350e   0x0800350e   0x00000060   Code   RO         1212    CL$$btod_d2e_norm_op1  c_w.l(btod.o)
    0x0800356e   0x0800356e   0x00000338   Code   RO         1221    CL$$btod_div_common  c_w.l(btod.o)
    0x080038a6   0x080038a6   0x000000dc   Code   RO         1218    CL$$btod_e2e        c_w.l(btod.o)
    0x08003982   0x08003982   0x0000002a   Code   RO         1215    CL$$btod_ediv       c_w.l(btod.o)
    0x080039ac   0x080039ac   0x0000002a   Code   RO         1214    CL$$btod_emul       c_w.l(btod.o)
    0x080039d6   0x080039d6   0x00000244   Code   RO         1220    CL$$btod_mult_common  c_w.l(btod.o)
    0x08003c1a   0x08003c1a   0x00000030   Code   RO         1247    i.__ARM_fpclassify  m_wm.l(fpclassify.o)
    0x08003c4a   0x08003c4a   0x0000000e   Code   RO         1132    i._is_digit         c_w.l(__printf_wp.o)
    0x08003c58   0x08003c58   0x0000002c   Code   RO         1234    locale$$code        c_w.l(lc_numeric_c.o)
    0x08003c84   0x08003c84   0x0000002c   Code   RO         1255    locale$$code        c_w.l(lc_ctype_c.o)
    0x08003cb0   0x08003cb0   0x0000000a   Code   RO         1313    x$fpl$fpinit        fz_wm.l(fpinit.o)
    0x08003cba   0x08003cba   0x00000004   Code   RO         1165    x$fpl$printf1       fz_wm.l(printf1.o)
    0x08003cbe   0x08003cbe   0x00000000   Code   RO         1246    x$fpl$usenofp       fz_wm.l(usenofp.o)
    0x08003cbe   0x08003cbe   0x00000002   PAD
    0x08003cc0   0x08003cc0   0x00000050   Data   RO            4    .constdata          main.o
    0x08003d10   0x08003d10   0x00000008   Data   RO         1091    .constdata          c_w.l(_printf_wctomb.o)
    0x08003d18   0x08003d18   0x00000028   Data   RO         1120    .constdata          c_w.l(_printf_hex_int_ll_ptr.o)
    0x08003d40   0x08003d40   0x00000011   Data   RO         1140    .constdata          c_w.l(__printf_flags_ss_wp.o)
    0x08003d51   0x08003d51   0x00000003   PAD
    0x08003d54   0x08003d54   0x00000094   Data   RO         1209    .constdata          c_w.l(bigflt0.o)
    0x08003de8   0x08003de8   0x00000020   Data   RO         1381    Region$$Table       anon$$obj.o
    0x08003e08   0x08003e08   0x0000001c   Data   RO         1233    locale$$data        c_w.l(lc_numeric_c.o)
    0x08003e24   0x08003e24   0x00000110   Data   RO         1254    locale$$data        c_w.l(lc_ctype_c.o)


    Execution Region RW_IRAM1 (Exec base: 0x20000000, Load base: 0x08003f34, Size: 0x000011a8, Max: 0x00020000, ABSOLUTE, COMPRESSED[0x000001e4])

    Exec Addr    Load Addr    Size         Type   Attr      Idx    E Section Name        Object

    0x20000000   COMPRESSED   0x00000ab8   Data   RW            5    .data               main.o
    0x20000ab8   COMPRESSED   0x00000014   Data   RW          175    .data               system_stm32f4xx.o
    0x20000acc   COMPRESSED   0x00000003   Data   RW          251    .data               usart1.o
    0x20000acf   COMPRESSED   0x00000010   Data   RW          841    .data               stm32f4xx_rcc.o
    0x20000adf   COMPRESSED   0x00000001   PAD
    0x20000ae0        -       0x00000064   Zero   RW          250    .bss                usart1.o
    0x20000b44        -       0x00000060   Zero   RW         1250    .bss                c_w.l(libspace.o)
    0x20000ba4   COMPRESSED   0x00000004   PAD
    0x20000ba8        -       0x00000200   Zero   RW          294    HEAP                startup_stm32f40_41xxx.o
    0x20000da8        -       0x00000400   Zero   RW          293    STACK               startup_stm32f40_41xxx.o


==============================================================================

Image component sizes


      Code (inc. data)   RO Data    RW Data    ZI Data      Debug   Object Name

        76         10          0          0          0        579   key.o
       836         28         80       2744          0     286933   main.o
       224         20          0          0          0     231161   misc.o
        64         26        392          0       1536        868   startup_stm32f40_41xxx.o
       660         44          0          0          0       4261   stm32f4xx_gpio.o
        26          0          0          0          0       1274   stm32f4xx_it.o
      1628         52          0         16          0      13188   stm32f4xx_rcc.o
      3234         60          0          0          0      23116   stm32f4xx_tim.o
      1108         34          0          0          0       7984   stm32f4xx_usart.o
       528         46          0         20          0       1931   system_stm32f4xx.o
       604         24          0          3        100       5252   usart1.o

    ----------------------------------------------------------------------
      8992        344        504       2784       1636     576547   Object Totals
         0          0         32          0          0          0   (incl. Generated)
         4          0          0          1          0          0   (incl. Padding)

    ----------------------------------------------------------------------

      Code (inc. data)   RO Data    RW Data    ZI Data      Debug   Library Member Name

        90          0          0          0          0          0   __dczerorl2.o
         8          0          0          0          0         68   __main.o
       392          4         17          0          0         92   __printf_flags_ss_wp.o
        14          0          0          0          0         68   __printf_wp.o
         0          0          0          0          0          0   __rtentry.o
        12          0          0          0          0          0   __rtentry2.o
         6          0          0          0          0          0   __rtentry4.o
        52          8          0          0          0          0   __scatter.o
        28          0          0          0          0          0   __scatter_zi.o
         6          0          0          0          0          0   _printf_a.o
         6          0          0          0          0          0   _printf_c.o
        44          0          0          0          0        108   _printf_char.o
        48          6          0          0          0         96   _printf_char_common.o
        40          0          0          0          0         68   _printf_charcount.o
         6          0          0          0          0          0   _printf_d.o
       120         16          0          0          0         92   _printf_dec.o
         6          0          0          0          0          0   _printf_e.o
         6          0          0          0          0          0   _printf_f.o
      1054          0          0          0          0        216   _printf_fp_dec.o
       128         16          0          0          0         84   _printf_fp_infnan.o
         6          0          0          0          0          0   _printf_g.o
       148          4         40          0          0        160   _printf_hex_int_ll_ptr.o
         6          0          0          0          0          0   _printf_i.o
       178          0          0          0          0         88   _printf_intcommon.o
        10          0          0          0          0          0   _printf_l.o
         6          0          0          0          0          0   _printf_lc.o
        10          0          0          0          0          0   _printf_ll.o
         6          0          0          0          0          0   _printf_lld.o
         6          0          0          0          0          0   _printf_lli.o
         6          0          0          0          0          0   _printf_llo.o
         6          0          0          0          0          0   _printf_llu.o
         6          0          0          0          0          0   _printf_llx.o
       124         16          0          0          0         92   _printf_longlong_dec.o
         6          0          0          0          0          0   _printf_ls.o
         6          0          0          0          0          0   _printf_n.o
         6          0          0          0          0          0   _printf_o.o
       112         10          0          0          0        124   _printf_oct_int_ll.o
         6          0          0          0          0          0   _printf_p.o
        78          0          0          0          0        108   _printf_pad.o
         0          0          0          0          0          0   _printf_percent.o
         4          0          0          0          0          0   _printf_percent_end.o
         6          0          0          0          0          0   _printf_s.o
        82          0          0          0          0         80   _printf_str.o
        36          0          0          0          0         84   _printf_truncate.o
         6          0          0          0          0          0   _printf_u.o
        44          0          0          0          0        108   _printf_wchar.o
       188          6          8          0          0         92   _printf_wctomb.o
         6          0          0          0          0          0   _printf_x.o
        10          0          0          0          0         68   _sputc.o
        64          0          0          0          0         92   _wcrtomb.o
       228          4        148          0          0         96   bigflt0.o
      1936        128          0          0          0        672   btod.o
        36          4          0          0          0         76   c89vsprintf.o
        18          0          0          0          0         80   exit.o
         6          0          0          0          0        152   heapauxi.o
         0          0          0          0          0          0   indicate_semi.o
        44         10        272          0          0         76   lc_ctype_c.o
        44         10         28          0          0         76   lc_numeric_c.o
         2          0          0          0          0          0   libinit.o
        34          0          0          0          0          0   libinit2.o
         2          0          0          0          0          0   libshutdown.o
         2          0          0          0          0          0   libshutdown2.o
         8          4          0          0         96         68   libspace.o
       138          0          0          0          0         80   lludiv10.o
        16          4          0          0          0         76   rt_ctype_table.o
         8          4          0          0          0         68   rt_locale_intlibspace.o
       100          0          0          0          0         80   rt_memcpy_w.o
         2          0          0          0          0          0   rtexit.o
        10          0          0          0          0          0   rtexit2.o
       128          0          0          0          0         68   strcmpv7m.o
        12          4          0          0          0         68   sys_exit.o
        74          0          0          0          0         80   sys_stackheap_outer.o
         2          0          0          0          0         68   use_no_semi.o
        10          0          0          0          0        116   fpinit.o
         4          0          0          0          0        116   printf1.o
         0          0          0          0          0          0   usenofp.o
        48          0          0          0          0        124   fpclassify.o

    ----------------------------------------------------------------------
      6168        258        516          0        100       4228   Library Totals
        12          0          3          0          4          0   (incl. Padding)

    ----------------------------------------------------------------------

      Code (inc. data)   RO Data    RW Data    ZI Data      Debug   Library Name

      6094        258        513          0         96       3872   c_w.l
        14          0          0          0          0        232   fz_wm.l
        48          0          0          0          0        124   m_wm.l

    ----------------------------------------------------------------------
      6168        258        516          0        100       4228   Library Totals

    ----------------------------------------------------------------------

==============================================================================


      Code (inc. data)   RO Data    RW Data    ZI Data      Debug   

     15160        602       1020       2784       1736     576495   Grand Totals
     15160        602       1020        484       1736     576495   ELF Image Totals (compressed)
     15160        602       1020        484          0          0   ROM Totals

==============================================================================

    Total RO  Size (Code + RO Data)                16180 (  15.80kB)
    Total RW  Size (RW Data + ZI Data)              4520 (   4.41kB)
    Total ROM Size (Code + RO Data + RW Data)      16664 (  16.27kB)

==============================================================================

